Archive member included to satisfy reference by file (symbol)

C:/devkitPro/libctru/lib\libcitro3d.a(attribs.o)
                              main.o (AttrInfo_Init)
C:/devkitPro/libctru/lib\libcitro3d.a(base.o)
                              C:/devkitPro/libctru/lib\libcitro3d.a(attribs.o) (__C3D_Context)
C:/devkitPro/libctru/lib\libcitro3d.a(buffers.o)
                              main.o (BufInfo_Init)
C:/devkitPro/libctru/lib\libcitro3d.a(drawArrays.o)
                              main.o (C3D_DrawArrays)
C:/devkitPro/libctru/lib\libcitro3d.a(effect.o)
                              C:/devkitPro/libctru/lib\libcitro3d.a(base.o) (C3D_DepthMap)
C:/devkitPro/libctru/lib\libcitro3d.a(framebuffer.o)
                              C:/devkitPro/libctru/lib\libcitro3d.a(base.o) (C3Di_FrameBufBind)
C:/devkitPro/libctru/lib\libcitro3d.a(immediate.o)
                              C:/devkitPro/libctru/lib\libcitro3d.a(base.o) (C3D_ImmSendAttrib)
C:/devkitPro/libctru/lib\libcitro3d.a(renderqueue.o)
                              C:/devkitPro/libctru/lib\libcitro3d.a(base.o) (C3Di_RenderQueueEnableVBlank)
C:/devkitPro/libctru/lib\libcitro3d.a(tex3ds.o)
                              main.o (Tex3DS_TextureImport)
C:/devkitPro/libctru/lib\libcitro3d.a(texenv.o)
                              main.o (C3D_GetTexEnv)
C:/devkitPro/libctru/lib\libcitro3d.a(texture.o)
                              C:/devkitPro/libctru/lib\libcitro3d.a(tex3ds.o) (C3D_TexInitWithParams)
C:/devkitPro/libctru/lib\libcitro3d.a(uniforms.o)
                              C:/devkitPro/libctru/lib\libcitro3d.a(base.o) (C3D_UpdateUniforms)
C:/devkitPro/libctru/lib\libcitro3d.a(mtx_persptilt.o)
                              main.o (Mtx_PerspTilt)
C:/devkitPro/libctru/lib\libcitro3d.a(mtx_rotatex.o)
                              main.o (Mtx_RotateX)
C:/devkitPro/libctru/lib\libcitro3d.a(mtx_rotatey.o)
                              main.o (Mtx_RotateY)
C:/devkitPro/libctru/lib\libcitro3d.a(mtx_translate.o)
                              main.o (Mtx_Translate)
C:/devkitPro/libctru/lib\libctru.a(vram.o)
                              main.o (vramAlloc)
C:/devkitPro/libctru/lib\libctru.a(linear.o)
                              main.o (linearAlloc)
C:/devkitPro/libctru/lib\libctru.a(mem_pool.o)
                              C:/devkitPro/libctru/lib\libctru.a(vram.o) (MemPool::Allocate(MemChunk&, unsigned long, int))
C:/devkitPro/libctru/lib\libctru.a(romfs_dev.o)
                              main.o (romfsMountSelf)
C:/devkitPro/libctru/lib\libctru.a(os.o)
                              C:/devkitPro/libctru/lib\libcitro3d.a(buffers.o) (osConvertVirtToPhys)
C:/devkitPro/libctru/lib\libctru.a(console.o)
                              main.o (consoleSelect)
C:/devkitPro/libctru/lib\libctru.a(path_buf.o)
                              C:/devkitPro/libctru/lib\libctru.a(romfs_dev.o) (__ctru_dev_utf16_buf)
C:/devkitPro/libctru/lib\libctru.a(gfx.o)
                              C:/devkitPro/libctru/lib\libctru.a(console.o) (gfxIsWide)
C:/devkitPro/libctru/lib\libctru.a(shaderProgram.o)
                              main.o (shaderInstanceGetUniformLocation)
C:/devkitPro/libctru/lib\libctru.a(shbin.o)
                              main.o (DVLB_ParseFile)
C:/devkitPro/libctru/lib\libctru.a(gx.o)
                              C:/devkitPro/libctru/lib\libcitro3d.a(renderqueue.o) (GX_BindQueue)
C:/devkitPro/libctru/lib\libctru.a(gxqueue.o)
                              C:/devkitPro/libctru/lib\libcitro3d.a(renderqueue.o) (gxCmdQueueClear)
C:/devkitPro/libctru/lib\libctru.a(gpu.o)
                              C:/devkitPro/libctru/lib\libcitro3d.a(base.o) (gpuCmdBufOffset)
C:/devkitPro/libctru/lib\libctru.a(gspgpu.o)
                              C:/devkitPro/libctru/lib\libctru.a(gfx.o) (gspInit)
C:/devkitPro/libctru/lib\libctru.a(apt.o)
                              C:/devkitPro/libctru/lib\libcitro3d.a(base.o) (aptHook)
C:/devkitPro/libctru/lib\libctru.a(hid.o)
                              main.o (hidScanInput)
C:/devkitPro/libctru/lib\libctru.a(ptmsysm.o)
                              C:/devkitPro/libctru/lib\libctru.a(os.o) (ptmSysmInit)
C:/devkitPro/libctru/lib\libctru.a(fs.o)
                              C:/devkitPro/libctru/lib\libctru.a(romfs_dev.o) (FSUSER_OpenFileDirectly)
C:/devkitPro/libctru/lib\libctru.a(decompress.o)
                              C:/devkitPro/libctru/lib\libcitro3d.a(tex3ds.o) (decompressCallback_FD)
C:/devkitPro/libctru/lib\libctru.a(rbtree_init.o)
                              C:/devkitPro/libctru/lib\libctru.a(vram.o) (rbtree_init)
C:/devkitPro/libctru/lib\libctru.a(rbtree_insert.o)
                              C:/devkitPro/libctru/lib\libctru.a(vram.o) (rbtree_insert)
C:/devkitPro/libctru/lib\libctru.a(rbtree_rotate.o)
                              C:/devkitPro/libctru/lib\libctru.a(rbtree_insert.o) (rbtree_rotate)
C:/devkitPro/libctru/lib\libctru.a(rbtree_remove.o)
[...]
Memory Configuration

Name             Origin             Length             Attributes
*default*        0x00000000         0xffffffff

Linker script and memory map

                0x00000000                        __sync_synchronize = __sync_synchronize_dmb
                0x00100000                        PROVIDE (__start__ = 0x100000)
                0x00100000                        . = __start__

.text           0x00100000    0x1d5f0
 *(.crt0)
 .crt0          0x00100000       0x94 C:/devkitPro/devkitARM/bin/../lib/gcc/arm-none-eabi/14.2.0/../../../../arm-none-eabi/lib/armv6k/fpu/3dsx_crt0.o
                0x00100000                _start
                0x00100008                __service_ptr
                0x0010000c                __apt_appid
                0x00100010                __heap_size
                0x00100014                __linear_heap_size
                0x00100018                __system_arglist
                0x0010001c                __system_runflags
 *(.init)
 .init          0x00100094        0xc C:/devkitPro/devkitARM/bin/../lib/gcc/arm-none-eabi/14.2.0/armv6k/fpu/crti.o
                0x00100094                _init
 .init          0x001000a0        0xc C:/devkitPro/devkitARM/bin/../lib/gcc/arm-none-eabi/14.2.0/armv6k/fpu/crtn.o
                0x001000ac                        . = ALIGN (0x4)
 *(.text)
 .text          0x001000ac      0x20c C:/devkitPro/devkitARM/bin/../lib/gcc/arm-none-eabi/14.2.0/armv6k/fpu\libgcc.a(_udivsi3.o)
                0x001000ac                __aeabi_uidiv
                0x001000ac                __udivsi3
                0x00100298                __aeabi_uidivmod
 .text          0x001002b8      0x240 C:/devkitPro/devkitARM/bin/../lib/gcc/arm-none-eabi/14.2.0/armv6k/fpu\libgcc.a(_divsi3.o)
                0x001002b8                __divsi3
                0x001002b8                __aeabi_idiv
                0x001004d8                __aeabi_idivmod
 .text          0x001004f8        0x4 C:/devkitPro/devkitARM/bin/../lib/gcc/arm-none-eabi/14.2.0/armv6k/fpu\libgcc.a(_dvmd_tls.o)
                0x001004f8                __aeabi_idiv0
                0x001004f8                __aeabi_ldiv0
 .text          0x001004fc      0x3c0 C:/devkitPro/devkitARM/bin/../lib/gcc/arm-none-eabi/14.2.0/armv6k/fpu\libgcc.a(_arm_addsubdf3.o)
                0x001004fc                __aeabi_drsub
                0x00100504                __aeabi_dsub
                0x00100504                __subdf3
                0x00100508                __aeabi_dadd
                0x00100508                __adddf3
                0x001007b4                __floatunsidf
                0x001007b4                __aeabi_ui2d
                0x001007d8                __floatsidf
                0x001007d8                __aeabi_i2d
                0x00100800                __aeabi_f2d
                0x00100800                __extendsfdf2
                0x00100848                __floatundidf
                0x00100848                __aeabi_ul2d
                0x0010085c                __floatdidf
                0x0010085c                __aeabi_l2d
 .text          0x001008bc       0xd4 C:/devkitPro/devkitARM/bin/../lib/gcc/arm-none-eabi/14.2.0/armv6k/fpu\libgcc.a(_aeabi_ldivmod.o)
                0x001008bc                __aeabi_ldivmod
 .text          0x00100990      0x1a8 C:/devkitPro/devkitARM/bin/../lib/gcc/arm-none-eabi/14.2.0/armv6k/fpu\libgcc.a(libunwind.o)
                0x00100990                __restore_core_regs
                0x00100990                restore_core_regs
                0x001009a4                __gnu_Unwind_Restore_VFP
                0x001009ac                __gnu_Unwind_Save_VFP
                0x001009b4                __gnu_Unwind_Restore_VFP_D
                0x001009bc                __gnu_Unwind_Save_VFP_D
                0x001009c4                __gnu_Unwind_Restore_VFP_D_16_to_31
                0x001009cc                __gnu_Unwind_Save_VFP_D_16_to_31
                0x001009d4                __gnu_Unwind_Restore_WMMXD
                0x00100a18                __gnu_Unwind_Save_WMMXD
                0x00100a5c                __gnu_Unwind_Restore_WMMXC
                0x00100a70                __gnu_Unwind_Save_WMMXC
                0x00100a84                ___Unwind_RaiseException
                0x00100a84                _Unwind_RaiseException
                0x00100aa8                _Unwind_Resume
                0x00100aa8                ___Unwind_Resume
                0x00100acc                _Unwind_Resume_or_Rethrow
                0x00100acc                ___Unwind_Resume_or_Rethrow
                0x00100af0                _Unwind_ForcedUnwind
                0x00100af0                ___Unwind_ForcedUnwind
                0x00100b14                ___Unwind_Backtrace
                0x00100b14                _Unwind_Backtrace
 *fill*         0x00100b38        0x8 
 .text          0x00100b40      0x390 C:/devkitPro/devkitARM/bin/../lib/gcc/arm-none-eabi/14.2.0/../../../../arm-none-eabi/lib/armv6k/fpu\libg.a(libc_a-strcmp.o)
                0x00100b48                strcmp
 *(.text.*)
 .text.__do_global_dtors_aux
                0x00100ed0       0x40 C:/devkitPro/devkitARM/bin/../lib/gcc/arm-none-eabi/14.2.0/armv6k/fpu/crtbegin.o
 .text.frame_dummy
                0x00100f10       0x2c C:/devkitPro/devkitARM/bin/../lib/gcc/arm-none-eabi/14.2.0/armv6k/fpu/crtbegin.o
 *fill*         0x00100f3c        0x4 
 .text._ZN10GameObject9loadModelE5Model.isra.0
                0x00100f40      0x558 main.o
 .text._Z13multiplyMat4s4Mat4S_
                0x00101498      0x1fc main.o
                0x00101498                multiplyMat4s(Mat4, Mat4)
 .text._Z11getQuatMat44Quat
                0x00101694       0xb8 main.o
                0x00101694                getQuatMat4(Quat)
 .text._Z20getAngleRotationMat44Vec3
                0x0010174c       0xf4 main.o
                0x0010174c                getAngleRotationMat4(Vec3)
 .text._Z12initGraphicsv
                0x00101840      0x158 main.o
                0x00101840                initGraphics()
 .text._Z14updateUniformsP7C3D_Mtx
                0x00101998      0x12c main.o
                0x00101998                updateUniforms(C3D_Mtx*)
 .text._ZN4Mesh14updateVertDataE4Mat4
                0x00101ac4      0x1fc main.o
                0x00101ac4                Mesh::updateVertData(Mat4)
 .text._ZN4Node4drawE4Mat4PS_P7C3D_TexP4MeshP4AnimP11AnimChannelii
                0x00101cc0      0x5e4 main.o
                0x00101cc0                Node::draw(Mat4, Node*, C3D_Tex*, Mesh*, Anim*, AnimChannel*, int, int)
 .text._Z8loadVec3Ph
                0x001022a4       0x24 main.o
                0x001022a4                loadVec3(unsigned char*)
 .text._Z8loadQuatPh
                0x001022c8       0x2c main.o
                0x001022c8                loadQuat(unsigned char*)
 .text._Z7loadMatPh
                0x001022f4       0x84 main.o
                0x001022f4                loadMat(unsigned char*)
 .text._ZN5Model9loadModelEPhi.isra.0
                0x00102378      0x8cc main.o
 .text._ZN10GameObject4drawEb
                0x00102c44      0x31c main.o
                0x00102c44                GameObject::draw(bool)
 .text._ZN6Player12loadTexturesEv
                0x00102f60      0x2f8 main.o
                0x00102f60                Player::loadTextures()
 .text._Z9sceneInitv
                0x00103258      0x3e4 main.o
                0x00103258                sceneInit()
 *fill*         0x0010363c        0x4 
 .text._Z11sceneRenderv
                0x00103640      0x154 main.o
                0x00103640                sceneRender()
 .text._Z9sceneExitv
                0x00103794       0x20 main.o
                0x00103794                sceneExit()
 *fill*         0x001037b4        0x4 
 .text.startup.main
                0x001037b8      0x1d0 main.o
                0x001037b8                main
 .text.AttrInfo_Init
                0x00103988       0x28 C:/devkitPro/libctru/lib\libcitro3d.a(attribs.o)
                0x00103988                AttrInfo_Init
 .text.AttrInfo_AddLoader
                0x001039b0       0x94 C:/devkitPro/libctru/lib\libcitro3d.a(attribs.o)
                0x001039b0                AttrInfo_AddLoader
 .text.C3D_GetAttrInfo
                0x00103a44       0x20 C:/devkitPro/libctru/lib\libcitro3d.a(attribs.o)
                0x00103a44                C3D_GetAttrInfo
 .text.C3Di_AttrInfoBind
                0x00103a64       0x80 C:/devkitPro/libctru/lib\libcitro3d.a(attribs.o)
                0x00103a64                C3Di_AttrInfoBind
 .text.C3Di_LightEnvUpdate
                0x00103ae4        0x4 C:/devkitPro/libctru/lib\libcitro3d.a(base.o)
                0x00103ae4                C3Di_LightEnvUpdate
 .text.C3Di_LightEnvDirty
                0x00103ae8        0x4 C:/devkitPro/libctru/lib\libcitro3d.a(base.o)
                0x00103ae8                C3Di_LightEnvDirty
 .text.C3Di_ProcTexUpdate
                0x00103aec        0x4 C:/devkitPro/libctru/lib\libcitro3d.a(base.o)
                0x00103aec                C3Di_ProcTexUpdate
 .text.C3Di_ProcTexDirty
                0x00103af0        0x4 C:/devkitPro/libctru/lib\libcitro3d.a(base.o)
                0x00103af0                C3Di_ProcTexDirty
 .text.C3Di_AptEventHook
                0x00103af4       0xb4 C:/devkitPro/libctru/lib\libcitro3d.a(base.o)
 .text.C3Di_GasUpdate
                0x00103ba8        0x4 C:/devkitPro/libctru/lib\libcitro3d.a(base.o)
                0x00103ba8                C3Di_GasUpdate
 .text.C3D_Init
                0x00103bac      0x1d0 C:/devkitPro/libctru/lib\libcitro3d.a(base.o)
                0x00103bac                C3D_Init
 .text.C3D_SetViewport
                0x00103d7c       0x98 C:/devkitPro/libctru/lib\libcitro3d.a(base.o)
                0x00103d7c                C3D_SetViewport
 .text.C3Di_UpdateContext
                0x00103e14      0x4e8 C:/devkitPro/libctru/lib\libcitro3d.a(base.o)
                0x00103e14                C3Di_UpdateContext
 .text.C3Di_SplitFrame
                0x001042fc       0xe0 C:/devkitPro/libctru/lib\libcitro3d.a(base.o)
                0x001042fc                C3Di_SplitFrame
 .text.C3D_Fini
                0x001043dc       0x44 C:/devkitPro/libctru/lib\libcitro3d.a(base.o)
                0x001043dc                C3D_Fini
 .text.C3D_BindProgram
                0x00104420      0x194 C:/devkitPro/libctru/lib\libcitro3d.a(base.o)
                0x00104420                C3D_BindProgram
 .text.BufInfo_Init
                0x001045b4       0x24 C:/devkitPro/libctru/lib\libcitro3d.a(buffers.o)
                0x001045b4                BufInfo_Init
 .text.BufInfo_Add
                0x001045d8       0x80 C:/devkitPro/libctru/lib\libcitro3d.a(buffers.o)
                0x001045d8                BufInfo_Add
 .text.C3D_SetBufInfo
                0x00104658       0x3c C:/devkitPro/libctru/lib\libcitro3d.a(buffers.o)
                0x00104658                C3D_SetBufInfo
 .text.C3Di_BufInfoBind
                0x00104694       0x48 C:/devkitPro/libctru/lib\libcitro3d.a(buffers.o)
                0x00104694                C3Di_BufInfoBind
 .text.C3D_DrawArrays
                0x001046dc      0x148 C:/devkitPro/libctru/lib\libcitro3d.a(drawArrays.o)
                0x001046dc                C3D_DrawArrays
 .text.C3D_DepthMap
                0x00104824       0x40 C:/devkitPro/libctru/lib\libcitro3d.a(effect.o)
                0x00104824                C3D_DepthMap
 .text.C3D_CullFace
                0x00104864       0x1c C:/devkitPro/libctru/lib\libcitro3d.a(effect.o)
                0x00104864                C3D_CullFace
 .text.C3D_StencilTest
                0x00104880       0x40 C:/devkitPro/libctru/lib\libcitro3d.a(effect.o)
                0x00104880                C3D_StencilTest
 .text.C3D_StencilOp
                0x001048c0       0x24 C:/devkitPro/libctru/lib\libcitro3d.a(effect.o)
                0x001048c0                C3D_StencilOp
 .text.C3D_BlendingColor
                0x001048e4       0x1c C:/devkitPro/libctru/lib\libcitro3d.a(effect.o)
                0x001048e4                C3D_BlendingColor
 .text.C3D_EarlyDepthTest
                0x00104900       0x24 C:/devkitPro/libctru/lib\libcitro3d.a(effect.o)
                0x00104900                C3D_EarlyDepthTest
 .text.C3D_DepthTest
                0x00104924       0x2c C:/devkitPro/libctru/lib\libcitro3d.a(effect.o)
                0x00104924                C3D_DepthTest
 .text.C3D_AlphaTest
                0x00104950       0x2c C:/devkitPro/libctru/lib\libcitro3d.a(effect.o)
                0x00104950                C3D_AlphaTest
 .text.C3D_AlphaBlend
                0x0010497c       0x50 C:/devkitPro/libctru/lib\libcitro3d.a(effect.o)
                0x0010497c                C3D_AlphaBlend
 .text.C3D_FragOpMode
                0x001049cc       0x30 C:/devkitPro/libctru/lib\libcitro3d.a(effect.o)
                0x001049cc                C3D_FragOpMode
 .text.C3D_FragOpShadow
                0x001049fc       0x44 C:/devkitPro/libctru/lib\libcitro3d.a(effect.o)
                0x001049fc                C3D_FragOpShadow
 .text.C3Di_EffectBind
                0x00104a40      0x1ac C:/devkitPro/libctru/lib\libcitro3d.a(effect.o)
                0x00104a40                C3Di_EffectBind
 .text.C3D_CalcColorBufSize
                0x00104bec       0x1c C:/devkitPro/libctru/lib\libcitro3d.a(framebuffer.o)
                0x00104bec                C3D_CalcColorBufSize
 .text.C3D_CalcDepthBufSize
                0x00104c08       0x1c C:/devkitPro/libctru/lib\libcitro3d.a(framebuffer.o)
                0x00104c08                C3D_CalcDepthBufSize
 .text.C3D_SetFrameBuf
                0x00104c24       0x44 C:/devkitPro/libctru/lib\libcitro3d.a(framebuffer.o)
                0x00104c24                C3D_SetFrameBuf
 .text.C3Di_FrameBufBind
                0x00104c68      0x16c C:/devkitPro/libctru/lib\libcitro3d.a(framebuffer.o)
                0x00104c68                C3Di_FrameBufBind
 .text.C3D_FrameBufClear
                0x00104dd4       0xc8 C:/devkitPro/libctru/lib\libcitro3d.a(framebuffer.o)
                0x00104dd4                C3D_FrameBufClear
 .text.C3D_FrameBufTransfer
                0x00104e9c       0x44 C:/devkitPro/libctru/lib\libcitro3d.a(framebuffer.o)
                0x00104e9c                C3D_FrameBufTransfer
 .text.C3D_ImmSendAttrib
                0x00104ee0       0xa8 C:/devkitPro/libctru/lib\libcitro3d.a(immediate.o)
                0x00104ee0                C3D_ImmSendAttrib
 .text.onVBlank0
                0x00104f88       0x4c C:/devkitPro/libctru/lib\libcitro3d.a(renderqueue.o)
 .text.onVBlank1
                0x00104fd4       0x4c C:/devkitPro/libctru/lib\libcitro3d.a(renderqueue.o)
 .text.C3Di_RenderTargetDestroy
                0x00105020       0x80 C:/devkitPro/libctru/lib\libcitro3d.a(renderqueue.o)
 .text.onQueueFinish
                0x001050a0       0xf4 C:/devkitPro/libctru/lib\libcitro3d.a(renderqueue.o)
 .text.C3Di_RenderQueueEnableVBlank
                0x00105194       0x38 C:/devkitPro/libctru/lib\libcitro3d.a(renderqueue.o)
                0x00105194                C3Di_RenderQueueEnableVBlank
 .text.C3Di_RenderQueueDisableVBlank
                0x001051cc       0x30 C:/devkitPro/libctru/lib\libcitro3d.a(renderqueue.o)
                0x001051cc                C3Di_RenderQueueDisableVBlank
 .text.C3Di_RenderQueueInit
                0x001051fc       0x60 C:/devkitPro/libctru/lib\libcitro3d.a(renderqueue.o)
                0x001051fc                C3Di_RenderQueueInit
 .text.C3Di_RenderQueueExit
                0x0010525c       0xb4 C:/devkitPro/libctru/lib\libcitro3d.a(renderqueue.o)
                0x0010525c                C3Di_RenderQueueExit
 .text.C3Di_RenderQueueWaitDone
                0x00105310       0x34 C:/devkitPro/libctru/lib\libcitro3d.a(renderqueue.o)
                0x00105310                C3Di_RenderQueueWaitDone
 .text.C3D_FrameBegin
                0x00105344       0xe8 C:/devkitPro/libctru/lib\libcitro3d.a(renderqueue.o)
                0x00105344                C3D_FrameBegin
 .text.C3D_FrameDrawOn
                0x0010542c       0x48 C:/devkitPro/libctru/lib\libcitro3d.a(renderqueue.o)
                0x0010542c                C3D_FrameDrawOn
 .text.C3D_FrameEnd
                0x00105474      0x1d0 C:/devkitPro/libctru/lib\libcitro3d.a(renderqueue.o)
                0x00105474                C3D_FrameEnd
 .text.C3D_RenderTargetCreate
                0x00105644      0x170 C:/devkitPro/libctru/lib\libcitro3d.a(renderqueue.o)
                0x00105644                C3D_RenderTargetCreate
 .text.C3D_RenderTargetSetOutput
                0x001057b4       0xa8 C:/devkitPro/libctru/lib\libcitro3d.a(renderqueue.o)
                0x001057b4                C3D_RenderTargetSetOutput
 .text.C3D_SyncTextureCopy
                0x0010585c       0xfc C:/devkitPro/libctru/lib\libcitro3d.a(renderqueue.o)
                0x0010585c                C3D_SyncTextureCopy
 .text.Tex3DSi_ImportCommon
                0x00105958      0x3d8 C:/devkitPro/libctru/lib\libcitro3d.a(tex3ds.o)
 .text.Tex3DS_TextureImport
                0x00105d30       0x34 C:/devkitPro/libctru/lib\libcitro3d.a(tex3ds.o)
                0x00105d30                Tex3DS_TextureImport
 .text.Tex3DS_TextureFree
                0x00105d64        0x4 C:/devkitPro/libctru/lib\libcitro3d.a(tex3ds.o)
                0x00105d64                Tex3DS_TextureFree
 .text.C3D_GetTexEnv
                0x00105d68       0x34 C:/devkitPro/libctru/lib\libcitro3d.a(texenv.o)
                0x00105d68                C3D_GetTexEnv
 .text.C3Di_TexEnvBind
                0x00105d9c       0x24 C:/devkitPro/libctru/lib\libcitro3d.a(texenv.o)
                0x00105d9c                C3Di_TexEnvBind
 .text.C3D_TexInitWithParams
                0x00105dc0      0x290 C:/devkitPro/libctru/lib\libcitro3d.a(texture.o)
                0x00105dc0                C3D_TexInitWithParams
 .text.C3D_TexLoadImage
                0x00106050       0xc8 C:/devkitPro/libctru/lib\libcitro3d.a(texture.o)
                0x00106050                C3D_TexLoadImage
 .text.C3D_TexBind
                0x00106118       0x44 C:/devkitPro/libctru/lib\libcitro3d.a(texture.o)
                0x00106118                C3D_TexBind
 .text.C3D_TexDelete
                0x0010615c       0x74 C:/devkitPro/libctru/lib\libcitro3d.a(texture.o)
                0x0010615c                C3D_TexDelete
 .text.C3Di_SetTex
                0x001061d0      0x14c C:/devkitPro/libctru/lib\libcitro3d.a(texture.o)
                0x001061d0                C3Di_SetTex
 .text.C3D_UpdateUniforms
                0x0010631c      0x290 C:/devkitPro/libctru/lib\libcitro3d.a(uniforms.o)
                0x0010631c                C3D_UpdateUniforms
 .text.C3Di_DirtyUniforms
                0x001065ac       0xc0 C:/devkitPro/libctru/lib\libcitro3d.a(uniforms.o)
                0x001065ac                C3Di_DirtyUniforms
 .text.C3Di_LoadShaderUniforms
                0x0010666c       0xd8 C:/devkitPro/libctru/lib\libcitro3d.a(uniforms.o)
                0x0010666c                C3Di_LoadShaderUniforms
 .text.C3Di_ClearShaderUniforms
                0x00106744       0x28 C:/devkitPro/libctru/lib\libcitro3d.a(uniforms.o)
                0x00106744                C3Di_ClearShaderUniforms
 .text.Mtx_PerspTilt
                0x0010676c       0x94 C:/devkitPro/libctru/lib\libcitro3d.a(mtx_persptilt.o)
                0x0010676c                Mtx_PerspTilt
 .text.Mtx_RotateX
                0x00106800       0xa4 C:/devkitPro/libctru/lib\libcitro3d.a(mtx_rotatex.o)
                0x00106800                Mtx_RotateX
 .text.Mtx_RotateY
                0x001068a4       0xa0 C:/devkitPro/libctru/lib\libcitro3d.a(mtx_rotatey.o)
                0x001068a4                Mtx_RotateY
 .text.Mtx_Translate
                0x00106944       0xa4 C:/devkitPro/libctru/lib\libcitro3d.a(mtx_translate.o)
                0x00106944                Mtx_Translate
 .text._ZL21addrMapNodeComparatorPK11rbtree_nodeS1_
                0x001069e8       0x24 C:/devkitPro/libctru/lib\libctru.a(vram.o)
 .text._ZL21addrMapNodeDestructorP11rbtree_node
                0x00106a0c        0x4 C:/devkitPro/libctru/lib\libctru.a(vram.o)
 .text.vramMemAlignAt
                0x00106a10      0x244 C:/devkitPro/libctru/lib\libctru.a(vram.o)
                0x00106a10                vramMemAlignAt
 .text.vramAlloc
                0x00106c54        0xc C:/devkitPro/libctru/lib\libctru.a(vram.o)
                0x00106c54                vramAlloc
 .text.vramAllocAt
                0x00106c60        0xc C:/devkitPro/libctru/lib\libctru.a(vram.o)
                0x00106c60                vramAllocAt
 .text.vramFree
                0x00106c6c       0x90 C:/devkitPro/libctru/lib\libctru.a(vram.o)
                0x00106c6c                vramFree
 .text._ZL21addrMapNodeComparatorPK11rbtree_nodeS1_
                0x00106cfc       0x24 C:/devkitPro/libctru/lib\libctru.a(linear.o)
 .text._ZL21addrMapNodeDestructorP11rbtree_node
                0x00106d20        0x4 C:/devkitPro/libctru/lib\libctru.a(linear.o)
 .text.linearMemAlign
                0x00106d24      0x120 C:/devkitPro/libctru/lib\libctru.a(linear.o)
                0x00106d24                linearMemAlign
 .text.linearAlloc
                0x00106e44        0x8 C:/devkitPro/libctru/lib\libctru.a(linear.o)
                0x00106e44                linearAlloc
 .text.linearFree
                0x00106e4c       0x5c C:/devkitPro/libctru/lib\libctru.a(linear.o)
                0x00106e4c                linearFree
 .text._ZN7MemPool13CoalesceRightEP8MemBlock
                0x00106ea8       0x84 C:/devkitPro/libctru/lib\libctru.a(mem_pool.o)
                0x00106ea8                MemPool::CoalesceRight(MemBlock*)
 .text._ZN7MemPool8AllocateER8MemChunkmi
                0x00106f2c      0x150 C:/devkitPro/libctru/lib\libctru.a(mem_pool.o)
                0x00106f2c                MemPool::Allocate(MemChunk&, unsigned long, int)
 .text._ZN7MemPool10DeallocateERK8MemChunk
                0x0010707c       0xfc C:/devkitPro/libctru/lib\libctru.a(mem_pool.o)
                0x0010707c                MemPool::Deallocate(MemChunk const&)
 .text._ZN7MemPool12GetFreeSpaceEv
                0x00107178       0x30 C:/devkitPro/libctru/lib\libctru.a(mem_pool.o)
                0x00107178                MemPool::GetFreeSpace()
 .text.romfs_close
                0x001071a8        0x8 C:/devkitPro/libctru/lib\libctru.a(romfs_dev.o)
 .text.romfs_seek
                0x001071b0       0xc4 C:/devkitPro/libctru/lib\libctru.a(romfs_dev.o)
 .text.romfs_dirreset
                0x00107274       0x24 C:/devkitPro/libctru/lib\libctru.a(romfs_dev.o)
 .text.fill_dir
                0x00107298       0xc8 C:/devkitPro/libctru/lib\libctru.a(romfs_dev.o)
 .text.romfs_dirnext
                0x00107360      0x2a8 C:/devkitPro/libctru/lib\libctru.a(romfs_dev.o)
 .text.romfs_free
                0x00107608       0x74 C:/devkitPro/libctru/lib\libctru.a(romfs_dev.o)
 .text.searchForFile.constprop.0
                0x0010767c       0xd4 C:/devkitPro/libctru/lib\libctru.a(romfs_dev.o)
 .text.searchForDir.constprop.0
                0x00107750       0xd8 C:/devkitPro/libctru/lib\libctru.a(romfs_dev.o)
 .text.navigateToDir.constprop.0
                0x00107828      0x1c0 C:/devkitPro/libctru/lib\libctru.a(romfs_dev.o)
 .text.romfs_open
                0x001079e8      0x10c C:/devkitPro/libctru/lib\libctru.a(romfs_dev.o)
 .text.romfs_chdir
                0x00107af4       0x4c C:/devkitPro/libctru/lib\libctru.a(romfs_dev.o)
 .text.romfs_diropen
                0x00107b40       0x70 C:/devkitPro/libctru/lib\libctru.a(romfs_dev.o)
 .text.romfs_stat
                0x00107bb0      0x174 C:/devkitPro/libctru/lib\libctru.a(romfs_dev.o)
 .text.romfs_dirclose
                0x00107d24        0x8 C:/devkitPro/libctru/lib\libctru.a(romfs_dev.o)
 *fill*         0x00107d2c        0x4 
 .text.romfs_fstat
                0x00107d30       0x84 C:/devkitPro/libctru/lib\libctru.a(romfs_dev.o)
 .text.romfs_read
                0x00107db4       0xd0 C:/devkitPro/libctru/lib\libctru.a(romfs_dev.o)
 .text.romfsMountFromFile
                0x00107e84      0x28c C:/devkitPro/libctru/lib\libctru.a(romfs_dev.o)
                0x00107e84                romfsMountFromFile
 .text.romfsMountFromCurrentProcess
                0x00108110       0x98 C:/devkitPro/libctru/lib\libctru.a(romfs_dev.o)
                0x00108110                romfsMountFromCurrentProcess
 .text.romfsMountSelf
                0x001081a8      0x260 C:/devkitPro/libctru/lib\libctru.a(romfs_dev.o)
                0x001081a8                romfsMountSelf
 .text.osConvertVirtToPhys
                0x00108408       0x74 C:/devkitPro/libctru/lib\libctru.a(os.o)
                0x00108408                osConvertVirtToPhys
 .text.osGetTimeRef
                0x0010847c       0x54 C:/devkitPro/libctru/lib\libctru.a(os.o)
                0x0010847c                osGetTimeRef
 .text.osGetTime
                0x001084d0       0xec C:/devkitPro/libctru/lib\libctru.a(os.o)
                0x001084d0                osGetTime
 .text.__ctru_speedup_config
                0x001085bc       0x34 C:/devkitPro/libctru/lib\libctru.a(os.o)
                0x001085bc                __ctru_speedup_config
 .text.consoleHandleColorEsc
                0x001085f0      0x45c C:/devkitPro/libctru/lib\libctru.a(console.o)
 .text.consoleColorStateShift
                0x00108a4c       0xb8 C:/devkitPro/libctru/lib\libctru.a(console.o)
 .text.consoleSelect
                0x00108b04       0x18 C:/devkitPro/libctru/lib\libctru.a(console.o)
                0x00108b04                consoleSelect
 .text.consoleDrawChar
                0x00108b1c      0x1ac C:/devkitPro/libctru/lib\libctru.a(console.o)
                0x00108b1c                consoleDrawChar
 .text.consolePrintChar
                0x00108cc8      0x11c C:/devkitPro/libctru/lib\libctru.a(console.o)
                0x00108cc8                consolePrintChar
 .text.con_write
                0x00108de4      0x5ec C:/devkitPro/libctru/lib\libctru.a(console.o)
                0x00108de4                con_write
 .text.newRow   0x001093d0      0x124 C:/devkitPro/libctru/lib\libctru.a(console.o)
 .text.consoleInit
                0x001094f4      0x18c C:/devkitPro/libctru/lib\libctru.a(console.o)
                0x001094f4                consoleInit
 .text.gfxPresentFramebuffer
                0x00109680       0xd0 C:/devkitPro/libctru/lib\libctru.a(gfx.o)
 .text.gfxIsWide
                0x00109750       0x1c C:/devkitPro/libctru/lib\libctru.a(gfx.o)
                0x00109750                gfxIsWide
 .text.gfxSetScreenFormat
                0x0010976c       0xec C:/devkitPro/libctru/lib\libctru.a(gfx.o)
                0x0010976c                gfxSetScreenFormat
 .text.gfxSetDoubleBuffering
                0x00109858       0x10 C:/devkitPro/libctru/lib\libctru.a(gfx.o)
                0x00109858                gfxSetDoubleBuffering
 .text.gfxInit  0x00109868       0xd8 C:/devkitPro/libctru/lib\libctru.a(gfx.o)
                0x00109868                gfxInit
 .text.gfxInitDefault
                0x00109940       0x10 C:/devkitPro/libctru/lib\libctru.a(gfx.o)
                0x00109940                gfxInitDefault
 .text.gfxExit  0x00109950       0xb4 C:/devkitPro/libctru/lib\libctru.a(gfx.o)
                0x00109950                gfxExit
 .text.gfxGetFramebuffer
                0x00109a04       0xa0 C:/devkitPro/libctru/lib\libctru.a(gfx.o)
                0x00109a04                gfxGetFramebuffer
 .text.gfxFlushBuffers
                0x00109aa4      0x100 C:/devkitPro/libctru/lib\libctru.a(gfx.o)
                0x00109aa4                gfxFlushBuffers
 .text.gfxScreenSwapBuffers
                0x00109ba4       0x30 C:/devkitPro/libctru/lib\libctru.a(gfx.o)
                0x00109ba4                gfxScreenSwapBuffers
 .text.gfxSwapBuffersGpu
                0x00109bd4       0x50 C:/devkitPro/libctru/lib\libctru.a(gfx.o)
                0x00109bd4                gfxSwapBuffersGpu
 .text.shaderInstanceInit
                0x00109c24      0x1d0 C:/devkitPro/libctru/lib\libctru.a(shaderProgram.o)
                0x00109c24                shaderInstanceInit
 .text.shaderInstanceGetUniformLocation
                0x00109df4       0x18 C:/devkitPro/libctru/lib\libctru.a(shaderProgram.o)
                0x00109df4                shaderInstanceGetUniformLocation
 .text.shaderProgramInit
                0x00109e0c       0x1c C:/devkitPro/libctru/lib\libctru.a(shaderProgram.o)
                0x00109e0c                shaderProgramInit
 .text.shaderProgramFree
                0x00109e28       0x64 C:/devkitPro/libctru/lib\libctru.a(shaderProgram.o)
                0x00109e28                shaderProgramFree
 .text.shaderProgramSetVsh
                0x00109e8c       0x80 C:/devkitPro/libctru/lib\libctru.a(shaderProgram.o)
                0x00109e8c                shaderProgramSetVsh
 .text.shaderProgramConfigure
                0x00109f0c      0x8d0 C:/devkitPro/libctru/lib\libctru.a(shaderProgram.o)
                0x00109f0c                shaderProgramConfigure
 .text.DVLE_GenerateOutmap.part.0
                0x0010a7dc      0x1dc C:/devkitPro/libctru/lib\libctru.a(shbin.o)
 .text.DVLB_ParseFile
                0x0010a9b8      0x1b0 C:/devkitPro/libctru/lib\libctru.a(shbin.o)
                0x0010a9b8                DVLB_ParseFile
 .text.DVLB_Free
                0x0010ab68       0x38 C:/devkitPro/libctru/lib\libctru.a(shbin.o)
                0x0010ab68                DVLB_Free
 .text.DVLE_GetUniformRegister
                0x0010aba0       0x74 C:/devkitPro/libctru/lib\libctru.a(shbin.o)
                0x0010aba0                DVLE_GetUniformRegister
 .text.GX_BindQueue
                0x0010ac14       0x10 C:/devkitPro/libctru/lib\libctru.a(gx.o)
                0x0010ac14                GX_BindQueue
 .text.GX_ProcessCommandList
                0x0010ac24       0x78 C:/devkitPro/libctru/lib\libctru.a(gx.o)
                0x0010ac24                GX_ProcessCommandList
 .text.GX_MemoryFill
                0x0010ac9c       0x74 C:/devkitPro/libctru/lib\libctru.a(gx.o)
                0x0010ac9c                GX_MemoryFill
 .text.GX_DisplayTransfer
                0x0010ad10       0x70 C:/devkitPro/libctru/lib\libctru.a(gx.o)
                0x0010ad10                GX_DisplayTransfer
 .text.GX_TextureCopy
                0x0010ad80       0x74 C:/devkitPro/libctru/lib\libctru.a(gx.o)
                0x0010ad80                GX_TextureCopy
 .text.gxCmdQueueDoCommands.part.0
                0x0010adf4       0x68 C:/devkitPro/libctru/lib\libctru.a(gxqueue.o)
 .text.gxCmdQueueInterrupt
                0x0010ae5c       0xc8 C:/devkitPro/libctru/lib\libctru.a(gxqueue.o)
                0x0010ae5c                gxCmdQueueInterrupt
 .text.gxCmdQueueClear
                0x0010af24       0x4c C:/devkitPro/libctru/lib\libctru.a(gxqueue.o)
                0x0010af24                gxCmdQueueClear
 .text.gxCmdQueueAdd
                0x0010af70       0xf8 C:/devkitPro/libctru/lib\libctru.a(gxqueue.o)
                0x0010af70                gxCmdQueueAdd
 .text.gxCmdQueueRun
                0x0010b068       0x80 C:/devkitPro/libctru/lib\libctru.a(gxqueue.o)
                0x0010b068                gxCmdQueueRun
 .text.gxCmdQueueStop
                0x0010b0e8       0x60 C:/devkitPro/libctru/lib\libctru.a(gxqueue.o)
                0x0010b0e8                gxCmdQueueStop
 .text.gxCmdQueueWait
                0x0010b148       0x8c C:/devkitPro/libctru/lib\libctru.a(gxqueue.o)
                0x0010b148                gxCmdQueueWait
 .text.GPUCMD_Add
                0x0010b1d4      0x13c C:/devkitPro/libctru/lib\libctru.a(gpu.o)
                0x0010b1d4                GPUCMD_Add
 .text.GPUCMD_Split
                0x0010b310       0xb0 C:/devkitPro/libctru/lib\libctru.a(gpu.o)
                0x0010b310                GPUCMD_Split
 .text.f32tof16
                0x0010b3c0       0x34 C:/devkitPro/libctru/lib\libctru.a(gpu.o)
                0x0010b3c0                f32tof16
 .text.f32tof24
                0x0010b3f4       0x34 C:/devkitPro/libctru/lib\libctru.a(gpu.o)
                0x0010b3f4                f32tof24
 .text.f32tof31
                0x0010b428       0x38 C:/devkitPro/libctru/lib\libctru.a(gpu.o)
                0x0010b428                f32tof31
 .text.gspHardwareInit
                0x0010b460      0xc70 C:/devkitPro/libctru/lib\libctru.a(gspgpu.o)
 .text.gspInit  0x0010c0d0      0x248 C:/devkitPro/libctru/lib\libctru.a(gspgpu.o)
                0x0010c0d0                gspInit
 .text.gspExit  0x0010c318       0xe4 C:/devkitPro/libctru/lib\libctru.a(gspgpu.o)
                0x0010c318                gspExit
 .text.gspHasGpuRight
                0x0010c3fc       0x10 C:/devkitPro/libctru/lib\libctru.a(gspgpu.o)
                0x0010c3fc                gspHasGpuRight
 .text.gspPresentBuffer
                0x0010c40c       0xa0 C:/devkitPro/libctru/lib\libctru.a(gspgpu.o)
                0x0010c40c                gspPresentBuffer
 .text.gspSetEventCallback
                0x0010c4ac       0x30 C:/devkitPro/libctru/lib\libctru.a(gspgpu.o)
                0x0010c4ac                gspSetEventCallback
 .text.gspWaitForEvent
                0x0010c4dc       0x44 C:/devkitPro/libctru/lib\libctru.a(gspgpu.o)
                0x0010c4dc                gspWaitForEvent
 .text.gspWaitForAnyEvent
                0x0010c520       0x4c C:/devkitPro/libctru/lib\libctru.a(gspgpu.o)
                0x0010c520                gspWaitForAnyEvent
 .text.gspEventThreadMain
                0x0010c56c      0x160 C:/devkitPro/libctru/lib\libctru.a(gspgpu.o)
 .text.gspSubmitGxCommand
                0x0010c6cc      0x130 C:/devkitPro/libctru/lib\libctru.a(gspgpu.o)
                0x0010c6cc                gspSubmitGxCommand
 .text.GSPGPU_FlushDataCache
                0x0010c7fc       0x50 C:/devkitPro/libctru/lib\libctru.a(gspgpu.o)
                0x0010c7fc                GSPGPU_FlushDataCache
 .text.GSPGPU_SetLcdForceBlack
                0x0010c84c       0x34 C:/devkitPro/libctru/lib\libctru.a(gspgpu.o)
                0x0010c84c                GSPGPU_SetLcdForceBlack
 .text.GSPGPU_AcquireRight
                0x0010c880       0x68 C:/devkitPro/libctru/lib\libctru.a(gspgpu.o)
                0x0010c880                GSPGPU_AcquireRight
 .text.GSPGPU_ReleaseRight
                0x0010c8e8       0x48 C:/devkitPro/libctru/lib\libctru.a(gspgpu.o)
                0x0010c8e8                GSPGPU_ReleaseRight
 .text.GSPGPU_ImportDisplayCaptureInfo
                0x0010c930       0x7c C:/devkitPro/libctru/lib\libctru.a(gspgpu.o)
                0x0010c930                GSPGPU_ImportDisplayCaptureInfo
 .text.GSPGPU_SaveVramSysArea
                0x0010c9ac       0x2c C:/devkitPro/libctru/lib\libctru.a(gspgpu.o)
                0x0010c9ac                GSPGPU_SaveVramSysArea
 .text.GSPGPU_RestoreVramSysArea
                0x0010c9d8       0x2c C:/devkitPro/libctru/lib\libctru.a(gspgpu.o)
                0x0010c9d8                GSPGPU_RestoreVramSysArea
 .text.aptConvertScreenForCapture
                0x0010ca04      0x1b0 C:/devkitPro/libctru/lib\libctru.a(apt.o)
 .text.aptDspSleep
                0x0010cbb4        0x8 C:/devkitPro/libctru/lib\libctru.a(apt.o)
                0x0010cbb4                aptDspSleep
 .text.aptDspWakeup
                0x0010cbbc        0x4 C:/devkitPro/libctru/lib\libctru.a(apt.o)
                0x0010cbbc                aptDspWakeup
 .text.aptDspCancel
                0x0010cbc0        0x4 C:/devkitPro/libctru/lib\libctru.a(apt.o)
                0x0010cbc0                aptDspCancel
 .text.aptSendCommand
                0x0010cbc4      0x158 C:/devkitPro/libctru/lib\libctru.a(apt.o)
                0x0010cbc4                aptSendCommand
 *fill*         0x0010cd1c        0x4 
 .text.aptExitProcess
                0x0010cd20       0x44 C:/devkitPro/libctru/lib\libctru.a(apt.o)
 .text.aptExit  0x0010cd64      0x380 C:/devkitPro/libctru/lib\libctru.a(apt.o)
                0x0010cd64                aptExit
 .text.aptHandleSleep
                0x0010d0e4       0xd8 C:/devkitPro/libctru/lib\libctru.a(apt.o)
                0x0010d0e4                aptHandleSleep
 .text.aptHook  0x0010d1bc       0x30 C:/devkitPro/libctru/lib\libctru.a(apt.o)
                0x0010d1bc                aptHook
 .text.aptUnhook
                0x0010d1ec       0x30 C:/devkitPro/libctru/lib\libctru.a(apt.o)
                0x0010d1ec                aptUnhook
 .text.APT_SleepIfShellClosed
                0x0010d21c       0x84 C:/devkitPro/libctru/lib\libctru.a(apt.o)
                0x0010d21c                APT_SleepIfShellClosed
 .text.aptSetSleepAllowed
                0x0010d2a0       0x78 C:/devkitPro/libctru/lib\libctru.a(apt.o)
                0x0010d2a0                aptSetSleepAllowed
 .text.APT_UnlockTransition
                0x0010d318       0x84 C:/devkitPro/libctru/lib\libctru.a(apt.o)
                0x0010d318                APT_UnlockTransition
 *fill*         0x0010d39c        0x4 
 .text.aptEventHandler
                0x0010d3a0      0x478 C:/devkitPro/libctru/lib\libctru.a(apt.o)
 .text.APT_ReceiveParameter
                0x0010d818       0xb0 C:/devkitPro/libctru/lib\libctru.a(apt.o)
                0x0010d818                APT_ReceiveParameter
 .text.aptReceiveParameter.constprop.0
                0x0010d8c8       0xac C:/devkitPro/libctru/lib\libctru.a(apt.o)
 *fill*         0x0010d974        0x4 
 .text.aptScreenTransfer
                0x0010d978      0x294 C:/devkitPro/libctru/lib\libctru.a(apt.o)
 .text.aptWaitForWakeUp.isra.0
                0x0010dc0c      0x2c8 C:/devkitPro/libctru/lib\libctru.a(apt.o)
 .text.aptJumpToHomeMenu
                0x0010ded4       0xf4 C:/devkitPro/libctru/lib\libctru.a(apt.o)
                0x0010ded4                aptJumpToHomeMenu
 .text.aptMainLoop
                0x0010dfc8       0x48 C:/devkitPro/libctru/lib\libctru.a(apt.o)
                0x0010dfc8                aptMainLoop
 .text.aptInit  0x0010e010      0x22c C:/devkitPro/libctru/lib\libctru.a(apt.o)
                0x0010e010                aptInit
 .text.APT_CheckNew3DS
                0x0010e23c       0x7c C:/devkitPro/libctru/lib\libctru.a(apt.o)
                0x0010e23c                APT_CheckNew3DS
 .text.hidShouldUseIrrst
                0x0010e2b8       0x24 C:/devkitPro/libctru/lib\libctru.a(hid.o)
                0x0010e2b8                hidShouldUseIrrst
 .text.hidInit  0x0010e2dc      0x18c C:/devkitPro/libctru/lib\libctru.a(hid.o)
                0x0010e2dc                hidInit
 .text.hidExit  0x0010e468       0xe8 C:/devkitPro/libctru/lib\libctru.a(hid.o)
                0x0010e468                hidExit
 .text.hidScanInput
                0x0010e550      0x2a4 C:/devkitPro/libctru/lib\libctru.a(hid.o)
                0x0010e550                hidScanInput
 .text.hidKeysDown
                0x0010e7f4       0x10 C:/devkitPro/libctru/lib\libctru.a(hid.o)
                0x0010e7f4                hidKeysDown
 .text.hidCircleRead
                0x0010e804       0x18 C:/devkitPro/libctru/lib\libctru.a(hid.o)
                0x0010e804                hidCircleRead
 .text.ptmSysmInit
                0x0010e81c       0x74 C:/devkitPro/libctru/lib\libctru.a(ptmsysm.o)
                0x0010e81c                ptmSysmInit
 .text.ptmSysmExit
                0x0010e890       0x3c C:/devkitPro/libctru/lib\libctru.a(ptmsysm.o)
                0x0010e890                ptmSysmExit
 .text.PTMSYSM_ConfigureNew3DSCPU
                0x0010e8cc       0x34 C:/devkitPro/libctru/lib\libctru.a(ptmsysm.o)
                0x0010e8cc                PTMSYSM_ConfigureNew3DSCPU
 .text.fsInit   0x0010e900       0xd0 C:/devkitPro/libctru/lib\libctru.a(fs.o)
                0x0010e900                fsInit
 .text.fsExit   0x0010e9d0       0x3c C:/devkitPro/libctru/lib\libctru.a(fs.o)
                0x0010e9d0                fsExit
 .text.fsExemptFromSession
                0x0010ea0c       0x60 C:/devkitPro/libctru/lib\libctru.a(fs.o)
                0x0010ea0c                fsExemptFromSession
 .text.fsUnexemptFromSession
                0x0010ea6c       0x50 C:/devkitPro/libctru/lib\libctru.a(fs.o)
                0x0010ea6c                fsUnexemptFromSession
 .text.FSUSER_OpenFile
                0x0010eabc       0xcc C:/devkitPro/libctru/lib\libctru.a(fs.o)
                0x0010eabc                FSUSER_OpenFile
 .text.FSUSER_OpenFileDirectly
                0x0010eb88       0xd4 C:/devkitPro/libctru/lib\libctru.a(fs.o)
                0x0010eb88                FSUSER_OpenFileDirectly
 .text.FSUSER_DeleteFile
                0x0010ec5c       0xbc C:/devkitPro/libctru/lib\libctru.a(fs.o)
                0x0010ec5c                FSUSER_DeleteFile
 .text.FSUSER_RenameFile
                0x0010ed18       0xf8 C:/devkitPro/libctru/lib\libctru.a(fs.o)
                0x0010ed18                FSUSER_RenameFile
 .text.FSUSER_DeleteDirectory
                0x0010ee10       0xbc C:/devkitPro/libctru/lib\libctru.a(fs.o)
                0x0010ee10                FSUSER_DeleteDirectory
 .text.FSUSER_CreateFile
                0x0010eecc       0xd4 C:/devkitPro/libctru/lib\libctru.a(fs.o)
                0x0010eecc                FSUSER_CreateFile
 .text.FSUSER_CreateDirectory
                0x0010efa0       0xc4 C:/devkitPro/libctru/lib\libctru.a(fs.o)
                0x0010efa0                FSUSER_CreateDirectory
 .text.FSUSER_RenameDirectory
                0x0010f064       0xf8 C:/devkitPro/libctru/lib\libctru.a(fs.o)
                0x0010f064                FSUSER_RenameDirectory
 .text.FSUSER_OpenDirectory
                0x0010f15c       0xb4 C:/devkitPro/libctru/lib\libctru.a(fs.o)
                0x0010f15c                FSUSER_OpenDirectory
 .text.FSUSER_OpenArchive
                0x0010f210       0x94 C:/devkitPro/libctru/lib\libctru.a(fs.o)
                0x0010f210                FSUSER_OpenArchive
 .text.FSUSER_CloseArchive
                0x0010f2a4       0x8c C:/devkitPro/libctru/lib\libctru.a(fs.o)
                0x0010f2a4                FSUSER_CloseArchive
 .text.FSUSER_GetSdmcArchiveResource
                0x0010f330       0x74 C:/devkitPro/libctru/lib\libctru.a(fs.o)
                0x0010f330                FSUSER_GetSdmcArchiveResource
 .text.FSUSER_IsSdmcWritable
                0x0010f3a4       0x64 C:/devkitPro/libctru/lib\libctru.a(fs.o)
                0x0010f3a4                FSUSER_IsSdmcWritable
 .text.FSFILE_Read
                0x0010f408       0x58 C:/devkitPro/libctru/lib\libctru.a(fs.o)
                0x0010f408                FSFILE_Read
 .text.FSFILE_Write
                0x0010f460       0x60 C:/devkitPro/libctru/lib\libctru.a(fs.o)
                0x0010f460                FSFILE_Write
 .text.FSFILE_GetSize
                0x0010f4c0       0x38 C:/devkitPro/libctru/lib\libctru.a(fs.o)
                0x0010f4c0                FSFILE_GetSize
 .text.FSFILE_SetSize
                0x0010f4f8       0x28 C:/devkitPro/libctru/lib\libctru.a(fs.o)
                0x0010f4f8                FSFILE_SetSize
 .text.FSFILE_Close
                0x0010f520       0x3c C:/devkitPro/libctru/lib\libctru.a(fs.o)
                0x0010f520                FSFILE_Close
 .text.FSFILE_Flush
                0x0010f55c       0x24 C:/devkitPro/libctru/lib\libctru.a(fs.o)
                0x0010f55c                FSFILE_Flush
 .text.FSDIR_Read
                0x0010f580       0x50 C:/devkitPro/libctru/lib\libctru.a(fs.o)
                0x0010f580                FSDIR_Read
 .text.FSDIR_Close
                0x0010f5d0       0x3c C:/devkitPro/libctru/lib\libctru.a(fs.o)
                0x0010f5d0                FSDIR_Close
 .text.buffer_read
                0x0010f60c       0xe0 C:/devkitPro/libctru/lib\libctru.a(decompress.o)
 .text.iov_read
                0x0010f6ec       0xcc C:/devkitPro/libctru/lib\libctru.a(decompress.o)
 .text.iov_memmove
                0x0010f7b8      0x148 C:/devkitPro/libctru/lib\libctru.a(decompress.o)
 .text.decompress_rle
                0x0010f900      0x1dc C:/devkitPro/libctru/lib\libctru.a(decompress.o)
 .text.decompress_lzss
                0x0010fadc      0x26c C:/devkitPro/libctru/lib\libctru.a(decompress.o)
 .text.decompress_lz11
                0x0010fd48      0x42c C:/devkitPro/libctru/lib\libctru.a(decompress.o)
 .text.decompress_huff
                0x00110174      0x36c C:/devkitPro/libctru/lib\libctru.a(decompress.o)
 .text.decompressHeader
                0x001104e0       0xe4 C:/devkitPro/libctru/lib\libctru.a(decompress.o)
                0x001104e0                decompressHeader
 .text.decompressV
                0x001105c4      0x200 C:/devkitPro/libctru/lib\libctru.a(decompress.o)
                0x001105c4                decompressV
 .text.rbtree_init
                0x001107c4       0x10 C:/devkitPro/libctru/lib\libctru.a(rbtree_init.o)
                0x001107c4                rbtree_init
 .text.do_insert
                0x001107d4      0x19c C:/devkitPro/libctru/lib\libctru.a(rbtree_insert.o)
 .text.rbtree_insert
                0x00110970        0x8 C:/devkitPro/libctru/lib\libctru.a(rbtree_insert.o)
                0x00110970                rbtree_insert
 .text.rbtree_rotate
                0x00110978       0x90 C:/devkitPro/libctru/lib\libctru.a(rbtree_rotate.o)
                0x00110978                rbtree_rotate
 .text.rbtree_remove
                0x00110a08      0x310 C:/devkitPro/libctru/lib\libctru.a(rbtree_remove.o)
                0x00110a08                rbtree_remove
 .text.rbtree_find
                0x00110d18       0x74 C:/devkitPro/libctru/lib\libctru.a(rbtree_find.o)
                0x00110d18                rbtree_find
 .text.utf16_to_utf8
                0x00110d8c       0xe8 C:/devkitPro/libctru/lib\libctru.a(utf16_to_utf8.o)
                0x00110d8c                utf16_to_utf8
 .text.decode_utf16
                0x00110e74       0x64 C:/devkitPro/libctru/lib\libctru.a(decode_utf16.o)
                0x00110e74                decode_utf16
 .text.utf8_to_utf16
                0x00110ed8       0xc0 C:/devkitPro/libctru/lib\libctru.a(utf8_to_utf16.o)
                0x00110ed8                utf8_to_utf16
 .text.__system_allocateHeaps
                0x00110f98      0x1e0 C:/devkitPro/libctru/lib\libctru.a(allocateHeaps.o)
                0x00110f98                __system_allocateHeaps
 .text.__libctru_init
                0x00111178       0x38 C:/devkitPro/libctru/lib\libctru.a(ctru_init.o)
                0x00111178                __libctru_init
 .text.__system_initArgv
                0x001111b0      0x160 C:/devkitPro/libctru/lib\libctru.a(initArgv.o)
                0x001111b0                __system_initArgv
 .text.svcControlMemory
                0x00111310       0x20 C:/devkitPro/libctru/lib\libctru.a(svc.o)
                0x00111310                svcControlMemory
 .text.svcQueryMemory
                0x00111330       0x30 C:/devkitPro/libctru/lib\libctru.a(svc.o)
                0x00111330                svcQueryMemory
 .text.svcExitProcess
                0x00111360        0x8 C:/devkitPro/libctru/lib\libctru.a(svc.o)
                0x00111360                svcExitProcess
 .text.svcCreateThread
                0x00111368       0x20 C:/devkitPro/libctru/lib\libctru.a(svc.o)
                0x00111368                svcCreateThread
 .text.svcExitThread
                0x00111388        0x8 C:/devkitPro/libctru/lib\libctru.a(svc.o)
                0x00111388                svcExitThread
 .text.svcSleepThread
                0x00111390        0x8 C:/devkitPro/libctru/lib\libctru.a(svc.o)
                0x00111390                svcSleepThread
 .text.svcReleaseMutex
                0x00111398        0x8 C:/devkitPro/libctru/lib\libctru.a(svc.o)
                0x00111398                svcReleaseMutex
 .text.svcCreateEvent
                0x001113a0       0x14 C:/devkitPro/libctru/lib\libctru.a(svc.o)
                0x001113a0                svcCreateEvent
 .text.svcSignalEvent
                0x001113b4        0x8 C:/devkitPro/libctru/lib\libctru.a(svc.o)
                0x001113b4                svcSignalEvent
 .text.svcClearEvent
                0x001113bc        0x8 C:/devkitPro/libctru/lib\libctru.a(svc.o)
                0x001113bc                svcClearEvent
 .text.svcMapMemoryBlock
                0x001113c4        0x8 C:/devkitPro/libctru/lib\libctru.a(svc.o)
                0x001113c4                svcMapMemoryBlock
 .text.svcUnmapMemoryBlock
                0x001113cc        0x8 C:/devkitPro/libctru/lib\libctru.a(svc.o)
                0x001113cc                svcUnmapMemoryBlock
 .text.svcCreateAddressArbiter
                0x001113d4       0x14 C:/devkitPro/libctru/lib\libctru.a(svc.o)
                0x001113d4                svcCreateAddressArbiter
 .text.svcArbitrateAddressNoTimeout
                0x001113e8        0x8 C:/devkitPro/libctru/lib\libctru.a(svc.o)
                0x001113e8                svcArbitrateAddressNoTimeout
 .text.svcCloseHandle
                0x001113f0        0x8 C:/devkitPro/libctru/lib\libctru.a(svc.o)
                0x001113f0                svcCloseHandle
 .text.svcWaitSynchronization
                0x001113f8        0x8 C:/devkitPro/libctru/lib\libctru.a(svc.o)
                0x001113f8                svcWaitSynchronization
 .text.svcWaitSynchronizationN
                0x00111400       0x28 C:/devkitPro/libctru/lib\libctru.a(svc.o)
                0x00111400                svcWaitSynchronizationN
 .text.svcDuplicateHandle
                0x00111428       0x14 C:/devkitPro/libctru/lib\libctru.a(svc.o)
                0x00111428                svcDuplicateHandle
 .text.svcGetSystemTick
                0x0011143c        0x8 C:/devkitPro/libctru/lib\libctru.a(svc.o)
                0x0011143c                svcGetSystemTick
 .text.svcConnectToPort
                0x00111444       0x14 C:/devkitPro/libctru/lib\libctru.a(svc.o)
                0x00111444                svcConnectToPort
 .text.svcSendSyncRequest
                0x00111458        0x8 C:/devkitPro/libctru/lib\libctru.a(svc.o)
                0x00111458                svcSendSyncRequest
 .text.svcGetResourceLimit
                0x00111460       0x14 C:/devkitPro/libctru/lib\libctru.a(svc.o)
                0x00111460                svcGetResourceLimit
 .text.svcGetResourceLimitLimitValues
                0x00111474        0x8 C:/devkitPro/libctru/lib\libctru.a(svc.o)
                0x00111474                svcGetResourceLimitLimitValues
 .text.svcGetResourceLimitCurrentValues
                0x0011147c        0x8 C:/devkitPro/libctru/lib\libctru.a(svc.o)
                0x0011147c                svcGetResourceLimitCurrentValues
 .text.svcBreak
                0x00111484        0x8 C:/devkitPro/libctru/lib\libctru.a(svc.o)
                0x00111484                svcBreak
 .text.initSystem
                0x0011148c       0x50 C:/devkitPro/libctru/lib\libctru.a(stack_adjust.o)
                0x0011148c                initSystem
 .text.__ctru_exit
                0x001114dc       0x14 C:/devkitPro/libctru/lib\libctru.a(stack_adjust.o)
                0x001114dc                __ctru_exit
 .text.__aeabi_read_tp
                0x001114f0        0xc C:/devkitPro/libctru/lib\libctru.a(readtp.o)
                0x001114f0                __aeabi_read_tp
 .text.__sync_init
                0x001114fc        0xc C:/devkitPro/libctru/lib\libctru.a(synchronization.o)
                0x001114fc                __sync_init
 .text.__sync_fini
                0x00111508       0x18 C:/devkitPro/libctru/lib\libctru.a(synchronization.o)
                0x00111508                __sync_fini
 .text.syncArbitrateAddress
                0x00111520       0x2c C:/devkitPro/libctru/lib\libctru.a(synchronization.o)
                0x00111520                syncArbitrateAddress
 .text.LightLock_Lock
                0x0011154c       0xb0 C:/devkitPro/libctru/lib\libctru.a(synchronization.o)
                0x0011154c                LightLock_Lock
 .text.LightLock_Unlock
                0x001115fc       0x40 C:/devkitPro/libctru/lib\libctru.a(synchronization.o)
                0x001115fc                LightLock_Unlock
 .text.RecursiveLock_Lock
                0x0011163c       0x30 C:/devkitPro/libctru/lib\libctru.a(synchronization.o)
                0x0011163c                RecursiveLock_Lock
 .text.RecursiveLock_Unlock
                0x0011166c       0x54 C:/devkitPro/libctru/lib\libctru.a(synchronization.o)
                0x0011166c                RecursiveLock_Unlock
 .text.LightEvent_Init
                0x001116c0       0x40 C:/devkitPro/libctru/lib\libctru.a(synchronization.o)
                0x001116c0                LightEvent_Init
 .text.LightEvent_Clear
                0x00111700       0xa4 C:/devkitPro/libctru/lib\libctru.a(synchronization.o)
                0x00111700                LightEvent_Clear
 .text.LightEvent_Signal
                0x001117a4       0xc8 C:/devkitPro/libctru/lib\libctru.a(synchronization.o)
                0x001117a4                LightEvent_Signal
 .text.LightEvent_TryWait
                0x0011186c       0x50 C:/devkitPro/libctru/lib\libctru.a(synchronization.o)
                0x0011186c                LightEvent_TryWait
 .text.LightEvent_Wait
                0x001118bc       0xa0 C:/devkitPro/libctru/lib\libctru.a(synchronization.o)
                0x001118bc                LightEvent_Wait
 .text.envGetHandle
                0x0011195c       0x84 C:/devkitPro/libctru/lib\libctru.a(env.o)
                0x0011195c                envGetHandle
 .text.envDestroyHandles
                0x001119e0       0x50 C:/devkitPro/libctru/lib\libctru.a(env.o)
                0x001119e0                envDestroyHandles
 .text.srvInit  0x00111a30      0x12c C:/devkitPro/libctru/lib\libctru.a(srv.o)
                0x00111a30                srvInit
 .text.srvExit  0x00111b5c       0x58 C:/devkitPro/libctru/lib\libctru.a(srv.o)
                0x00111b5c                srvExit
 .text.srvEnableNotification
                0x00111bb4       0x60 C:/devkitPro/libctru/lib\libctru.a(srv.o)
                0x00111bb4                srvEnableNotification
 .text.srvGetServiceHandleDirect
                0x00111c14       0xa0 C:/devkitPro/libctru/lib\libctru.a(srv.o)
                0x00111c14                srvGetServiceHandleDirect
 .text.srvGetServiceHandle
                0x00111cb4       0x38 C:/devkitPro/libctru/lib\libctru.a(srv.o)
                0x00111cb4                srvGetServiceHandle
 .text.srvSubscribe
                0x00111cec       0x34 C:/devkitPro/libctru/lib\libctru.a(srv.o)
                0x00111cec                srvSubscribe
 .text.srvReceiveNotification
                0x00111d20       0x60 C:/devkitPro/libctru/lib\libctru.a(srv.o)
                0x00111d20                srvReceiveNotification
 .text.srvPublishToSubscriber
                0x00111d80       0x38 C:/devkitPro/libctru/lib\libctru.a(srv.o)
                0x00111d80                srvPublishToSubscriber
 .text.threadCreate
                0x00111db8      0x1d4 C:/devkitPro/libctru/lib\libctru.a(thread.o)
                0x00111db8                threadCreate
 .text.threadFree
                0x00111f8c       0x2c C:/devkitPro/libctru/lib\libctru.a(thread.o)
                0x00111f8c                threadFree
 .text.threadJoin
                0x00111fb8       0x24 C:/devkitPro/libctru/lib\libctru.a(thread.o)
                0x00111fb8                threadJoin
 .text.threadGetCurrent
                0x00111fdc       0x30 C:/devkitPro/libctru/lib\libctru.a(thread.o)
                0x00111fdc                threadGetCurrent
 .text.threadExit
                0x0011200c       0x40 C:/devkitPro/libctru/lib\libctru.a(thread.o)
                0x0011200c                threadExit
 .text._thread_begin
                0x0011204c       0x20 C:/devkitPro/libctru/lib\libctru.a(thread.o)
 .text.mappableFindAddressWithin
                0x0011206c       0x90 C:/devkitPro/libctru/lib\libctru.a(mappable.o)
 .text.mappableInit
                0x001120fc       0x28 C:/devkitPro/libctru/lib\libctru.a(mappable.o)
                0x001120fc                mappableInit
 .text.mappableAlloc
                0x00112124       0x80 C:/devkitPro/libctru/lib\libctru.a(mappable.o)
                0x00112124                mappableAlloc
 .text.mappableFree
                0x001121a4        0x4 C:/devkitPro/libctru/lib\libctru.a(mappable.o)
                0x001121a4                mappableFree
 .text.irrstInit
                0x001121a8      0x160 C:/devkitPro/libctru/lib\libctru.a(irrst.o)
                0x001121a8                irrstInit
 .text.irrstExit
                0x00112308       0xcc C:/devkitPro/libctru/lib\libctru.a(irrst.o)
                0x00112308                irrstExit
 .text.irrstScanInput
                0x001123d4       0xb4 C:/devkitPro/libctru/lib\libctru.a(irrst.o)
                0x001123d4                irrstScanInput
 .text.irrstKeysHeld
                0x00112488       0x24 C:/devkitPro/libctru/lib\libctru.a(irrst.o)
                0x00112488                irrstKeysHeld
 .text.srvPmGetSessionHandle
                0x001124ac        0xc C:/devkitPro/libctru/lib\libctru.a(srvpm.o)
                0x001124ac                srvPmGetSessionHandle
 .text.rbtree_node_next
                0x001124b8       0x5c C:/devkitPro/libctru/lib\libctru.a(rbtree_iterator.o)
                0x001124b8                rbtree_node_next
 .text.encode_utf16
                0x00112514       0x54 C:/devkitPro/libctru/lib\libctru.a(encode_utf16.o)
                0x00112514                encode_utf16
 .text.encode_utf8
                0x00112568       0xe0 C:/devkitPro/libctru/lib\libctru.a(encode_utf8.o)
                0x00112568                encode_utf8
 .text.decode_utf8
                0x00112648      0x13c C:/devkitPro/libctru/lib\libctru.a(decode_utf8.o)
                0x00112648                decode_utf8
 .text.__appInit
                0x00112784       0x30 C:/devkitPro/libctru/lib\libctru.a(appInit.o)
                0x00112784                __appInit
 .text.__syscall_getreent
                0x001127b4       0x30 C:/devkitPro/libctru/lib\libctru.a(syscalls.o)
                0x001127b4                __syscall_getreent
 .text.__syscall_gettod_r
                0x001127e4       0x64 C:/devkitPro/libctru/lib\libctru.a(syscalls.o)
                0x001127e4                __syscall_gettod_r
 .text.__syscall_lock_acquire
                0x00112848        0x4 C:/devkitPro/libctru/lib\libctru.a(syscalls.o)
                0x00112848                __syscall_lock_acquire
 .text.__syscall_lock_release
                0x0011284c        0x4 C:/devkitPro/libctru/lib\libctru.a(syscalls.o)
                0x0011284c                __syscall_lock_release
 .text.__syscall_lock_acquire_recursive
                0x00112850        0x4 C:/devkitPro/libctru/lib\libctru.a(syscalls.o)
                0x00112850                __syscall_lock_acquire_recursive
 .text.__syscall_lock_release_recursive
                0x00112854        0x4 C:/devkitPro/libctru/lib\libctru.a(syscalls.o)
                0x00112854                __syscall_lock_release_recursive
 .text.__syscall_exit
                0x00112858        0x4 C:/devkitPro/libctru/lib\libctru.a(syscalls.o)
                0x00112858                __syscall_exit
 .text.initThreadVars
                0x0011285c       0x50 C:/devkitPro/libctru/lib\libctru.a(syscalls.o)
                0x0011285c                initThreadVars
 .text.__system_initSyscalls
                0x001128ac       0x80 C:/devkitPro/libctru/lib\libctru.a(syscalls.o)
                0x001128ac                __system_initSyscalls
 .text.__appExit
                0x0011292c       0x30 C:/devkitPro/libctru/lib\libctru.a(appExit.o)
                0x0011292c                __appExit
 .text.__libctru_exit
                0x0011295c       0x90 C:/devkitPro/libctru/lib\libctru.a(ctru_exit.o)
                0x0011295c                __libctru_exit
 .text.archive_link
                0x001129ec       0x14 C:/devkitPro/libctru/lib\libctru.a(archive_dev.o)
 .text.archive_dirreset
                0x00112a00       0x14 C:/devkitPro/libctru/lib\libctru.a(archive_dev.o)
 .text.archive_chmod
                0x00112a14       0x14 C:/devkitPro/libctru/lib\libctru.a(archive_dev.o)
 .text.error_cmp
                0x00112a28       0x24 C:/devkitPro/libctru/lib\libctru.a(archive_dev.o)
 .text.archive_translate_error
                0x00112a4c       0x50 C:/devkitPro/libctru/lib\libctru.a(archive_dev.o)
 .text.archive_seek
                0x00112a9c       0xc4 C:/devkitPro/libctru/lib\libctru.a(archive_dev.o)
 .text._archiveInit.part.0
                0x00112b60       0x78 C:/devkitPro/libctru/lib\libctru.a(archive_dev.o)
 .text.archiveFindDevice.part.0
                0x00112bd8       0xc4 C:/devkitPro/libctru/lib\libctru.a(archive_dev.o)
 .text.archive_utf16path
                0x00112c9c      0x290 C:/devkitPro/libctru/lib\libctru.a(archive_dev.o)
 .text._archiveUnmountDeviceStruct.part.0
                0x00112f2c       0x9c C:/devkitPro/libctru/lib\libctru.a(archive_dev.o)
 .text.archive_statvfs
                0x00112fc8       0x14 C:/devkitPro/libctru/lib\libctru.a(archive_dev.o)
 .text.archive_fchmod
                0x00112fdc       0x14 C:/devkitPro/libctru/lib\libctru.a(archive_dev.o)
 .text._archiveMountDevice
                0x00112ff0      0x168 C:/devkitPro/libctru/lib\libctru.a(archive_dev.o)
 .text.archive_diropen
                0x00113158       0xe8 C:/devkitPro/libctru/lib\libctru.a(archive_dev.o)
 .text.archive_fstat
                0x00113240       0xa4 C:/devkitPro/libctru/lib\libctru.a(archive_dev.o)
 .text.archive_fsync
                0x001132e4       0x6c C:/devkitPro/libctru/lib\libctru.a(archive_dev.o)
 .text.archive_close
                0x00113350       0x6c C:/devkitPro/libctru/lib\libctru.a(archive_dev.o)
 .text.archive_dirclose
                0x001133bc       0x70 C:/devkitPro/libctru/lib\libctru.a(archive_dev.o)
 .text.sdmc_statvfs
                0x0011342c       0xe4 C:/devkitPro/libctru/lib\libctru.a(archive_dev.o)
 .text.archive_chdir
                0x00113510       0xec C:/devkitPro/libctru/lib\libctru.a(archive_dev.o)
 .text.archive_ftruncate
                0x001135fc       0x7c C:/devkitPro/libctru/lib\libctru.a(archive_dev.o)
 .text.archive_read
                0x00113678       0xac C:/devkitPro/libctru/lib\libctru.a(archive_dev.o)
 .text.archive_unlink
                0x00113724       0xa4 C:/devkitPro/libctru/lib\libctru.a(archive_dev.o)
 .text.archive_rmdir
                0x001137c8       0xbc C:/devkitPro/libctru/lib\libctru.a(archive_dev.o)
 .text.archive_mkdir
                0x00113884       0xdc C:/devkitPro/libctru/lib\libctru.a(archive_dev.o)
 .text.archive_stat
                0x00113960      0x194 C:/devkitPro/libctru/lib\libctru.a(archive_dev.o)
 .text.archive_dirnext
                0x00113af4      0x15c C:/devkitPro/libctru/lib\libctru.a(archive_dev.o)
 .text.archive_write
                0x00113c50      0x124 C:/devkitPro/libctru/lib\libctru.a(archive_dev.o)
 *fill*         0x00113d74        0x4 
 .text.archive_open
                0x00113d78      0x210 C:/devkitPro/libctru/lib\libctru.a(archive_dev.o)
 .text.archive_rename
                0x00113f88      0x268 C:/devkitPro/libctru/lib\libctru.a(archive_dev.o)
 .text.archiveMountSdmc
                0x001141f0      0x19c C:/devkitPro/libctru/lib\libctru.a(archive_dev.o)
                0x001141f0                archiveMountSdmc
 .text.archiveUnmountAll
                0x0011438c       0x54 C:/devkitPro/libctru/lib\libctru.a(archive_dev.o)
                0x0011438c                archiveUnmountAll
 .text._Znaj    0x001143e0        0x4 C:/devkitPro/devkitARM/bin/../lib/gcc/arm-none-eabi/14.2.0/../../../../arm-none-eabi/lib/armv6k/fpu\libstdc++.a(new_opv.o)
                0x001143e0                operator new[](unsigned int)
 .text._Znwj    0x001143e4       0x5c C:/devkitPro/devkitARM/bin/../lib/gcc/arm-none-eabi/14.2.0/../../../../arm-none-eabi/lib/armv6k/fpu\libstdc++.a(new_op.o)
                0x001143e4                operator new(unsigned int)
 .text._ZNKSt9bad_alloc4whatEv
                0x00114440        0xc C:/devkitPro/devkitARM/bin/../lib/gcc/arm-none-eabi/14.2.0/../../../../arm-none-eabi/lib/armv6k/fpu\libstdc++.a(bad_alloc.o)
                0x00114440                std::bad_alloc::what() const
 .text._ZNSt9bad_allocD2Ev
                0x0011444c       0x20 C:/devkitPro/devkitARM/bin/../lib/gcc/arm-none-eabi/14.2.0/../../../../arm-none-eabi/lib/armv6k/fpu\libstdc++.a(bad_alloc.o)
                0x0011444c                std::bad_alloc::~bad_alloc()
                0x0011444c                std::bad_alloc::~bad_alloc()
 .text._ZNSt9bad_allocD0Ev
                0x0011446c       0x2c C:/devkitPro/devkitARM/bin/../lib/gcc/arm-none-eabi/14.2.0/../../../../arm-none-eabi/lib/armv6k/fpu\libstdc++.a(bad_alloc.o)
                0x0011446c                std::bad_alloc::~bad_alloc()
 .text._ZdlPvj  0x00114498        0x4 C:/devkitPro/devkitARM/bin/../lib/gcc/arm-none-eabi/14.2.0/../../../../arm-none-eabi/lib/armv6k/fpu\libstdc++.a(del_ops.o)
                0x00114498                operator delete(void*, unsigned int)
 .text._ZNK9__gnu_cxx24__concurrence_lock_error4whatEv
                0x0011449c        0xc C:/devkitPro/devkitARM/bin/../lib/gcc/arm-none-eabi/14.2.0/../../../../arm-none-eabi/lib/armv6k/fpu\libstdc++.a(eh_alloc.o)
                0x0011449c                __gnu_cxx::__concurrence_lock_error::what() const
 .text._ZNK9__gnu_cxx26__concurrence_unlock_error4whatEv
                0x001144a8        0xc C:/devkitPro/devkitARM/bin/../lib/gcc/arm-none-eabi/14.2.0/../../../../arm-none-eabi/lib/armv6k/fpu\libstdc++.a(eh_alloc.o)
                0x001144a8                __gnu_cxx::__concurrence_unlock_error::what() const
 .text._ZN9__gnu_cxx24__concurrence_lock_errorD2Ev
                0x001144b4       0x20 C:/devkitPro/devkitARM/bin/../lib/gcc/arm-none-eabi/14.2.0/../../../../arm-none-eabi/lib/armv6k/fpu\libstdc++.a(eh_alloc.o)
                0x001144b4                __gnu_cxx::__concurrence_lock_error::~__concurrence_lock_error()
                0x001144b4                __gnu_cxx::__concurrence_lock_error::~__concurrence_lock_error()
 .text._ZN9__gnu_cxx24__concurrence_lock_errorD0Ev
                0x001144d4       0x2c C:/devkitPro/devkitARM/bin/../lib/gcc/arm-none-eabi/14.2.0/../../../../arm-none-eabi/lib/armv6k/fpu\libstdc++.a(eh_alloc.o)
                0x001144d4                __gnu_cxx::__concurrence_lock_error::~__concurrence_lock_error()
 .text._ZN9__gnu_cxx26__concurrence_unlock_errorD2Ev
                0x00114500       0x20 C:/devkitPro/devkitARM/bin/../lib/gcc/arm-none-eabi/14.2.0/../../../../arm-none-eabi/lib/armv6k/fpu\libstdc++.a(eh_alloc.o)
                0x00114500                __gnu_cxx::__concurrence_unlock_error::~__concurrence_unlock_error()
                0x00114500                __gnu_cxx::__concurrence_unlock_error::~__concurrence_unlock_error()
 .text._ZN9__gnu_cxx26__concurrence_unlock_errorD0Ev
                0x00114520       0x2c C:/devkitPro/devkitARM/bin/../lib/gcc/arm-none-eabi/14.2.0/../../../../arm-none-eabi/lib/armv6k/fpu\libstdc++.a(eh_alloc.o)
                0x00114520                __gnu_cxx::__concurrence_unlock_error::~__concurrence_unlock_error()
 .text.unlikely._ZN9__gnu_cxx30__throw_concurrence_lock_errorEv
                0x0011454c       0x2c C:/devkitPro/devkitARM/bin/../lib/gcc/arm-none-eabi/14.2.0/../../../../arm-none-eabi/lib/armv6k/fpu\libstdc++.a(eh_alloc.o)
                0x0011454c                __gnu_cxx::__throw_concurrence_lock_error()
 .text.unlikely._ZN9__gnu_cxx32__throw_concurrence_unlock_errorEv
                0x00114578       0x2c C:/devkitPro/devkitARM/bin/../lib/gcc/arm-none-eabi/14.2.0/../../../../arm-none-eabi/lib/armv6k/fpu\libstdc++.a(eh_alloc.o)
                0x00114578                __gnu_cxx::__throw_concurrence_unlock_error()
 .text._ZN12_GLOBAL__N_14pool4freeEPv.constprop.0
                0x001145a4      0x128 C:/devkitPro/devkitARM/bin/../lib/gcc/arm-none-eabi/14.2.0/../../../../arm-none-eabi/lib/armv6k/fpu\libstdc++.a(eh_alloc.o)
 .text._ZN12_GLOBAL__N_14pool8allocateEj.constprop.0
                0x001146cc       0xd8 C:/devkitPro/devkitARM/bin/../lib/gcc/arm-none-eabi/14.2.0/../../../../arm-none-eabi/lib/armv6k/fpu\libstdc++.a(eh_alloc.o)
 .text.__cxa_allocate_exception
                0x001147a4       0x44 C:/devkitPro/devkitARM/bin/../lib/gcc/arm-none-eabi/14.2.0/../../../../arm-none-eabi/lib/armv6k/fpu\libstdc++.a(eh_alloc.o)
                0x001147a4                __cxa_allocate_exception
 .text.__cxa_free_exception
                0x001147e8       0x2c C:/devkitPro/devkitARM/bin/../lib/gcc/arm-none-eabi/14.2.0/../../../../arm-none-eabi/lib/armv6k/fpu\libstdc++.a(eh_alloc.o)
                0x001147e8                __cxa_free_exception
 .text.startup._GLOBAL__sub_I__ZN9__gnu_cxx9__freeresEv
                0x00114814      0x1b0 C:/devkitPro/devkitARM/bin/../lib/gcc/arm-none-eabi/14.2.0/../../../../arm-none-eabi/lib/armv6k/fpu\libstdc++.a(eh_alloc.o)
 .text._ZNSt9exceptionD2Ev
                0x001149c4        0x4 C:/devkitPro/devkitARM/bin/../lib/gcc/arm-none-eabi/14.2.0/../../../../arm-none-eabi/lib/armv6k/fpu\libstdc++.a(eh_exception.o)
                0x001149c4                std::exception::~exception()
                0x001149c4                std::exception::~exception()
 .text._ZNSt13bad_exceptionD2Ev
                0x001149c8        0x4 C:/devkitPro/devkitARM/bin/../lib/gcc/arm-none-eabi/14.2.0/../../../../arm-none-eabi/lib/armv6k/fpu\libstdc++.a(eh_exception.o)
                0x001149c8                std::bad_exception::~bad_exception()
                0x001149c8                std::bad_exception::~bad_exception()
 .text._ZNKSt13bad_exception4whatEv
                0x001149cc        0xc C:/devkitPro/devkitARM/bin/../lib/gcc/arm-none-eabi/14.2.0/../../../../arm-none-eabi/lib/armv6k/fpu\libstdc++.a(eh_exception.o)
                0x001149cc                std::bad_exception::what() const
                0x001149cc                transaction clone for std::bad_exception::what() const
 .text._ZNSt13bad_exceptionD0Ev
                0x001149d8       0x18 C:/devkitPro/devkitARM/bin/../lib/gcc/arm-none-eabi/14.2.0/../../../../arm-none-eabi/lib/armv6k/fpu\libstdc++.a(eh_exception.o)
                0x001149d8                std::bad_exception::~bad_exception()
 .text._ZL28read_encoded_value_with_basehjPKhPj
                0x001149f0      0x148 C:/devkitPro/devkitARM/bin/../lib/gcc/arm-none-eabi/14.2.0/../../../../arm-none-eabi/lib/armv6k/fpu\libstdc++.a(eh_personality.o)
 .text._ZL21base_of_encoded_valuehP15_Unwind_Context
                0x00114b38       0x58 C:/devkitPro/devkitARM/bin/../lib/gcc/arm-none-eabi/14.2.0/../../../../arm-none-eabi/lib/armv6k/fpu\libstdc++.a(eh_personality.o)
 .text._ZL17parse_lsda_headerP15_Unwind_ContextPKhP16lsda_header_info
                0x00114b90       0xd8 C:/devkitPro/devkitARM/bin/../lib/gcc/arm-none-eabi/14.2.0/../../../../arm-none-eabi/lib/armv6k/fpu\libstdc++.a(eh_personality.o)
 .text.__gxx_personality_v0
                0x00114c68      0x6dc C:/devkitPro/devkitARM/bin/../lib/gcc/arm-none-eabi/14.2.0/../../../../arm-none-eabi/lib/armv6k/fpu\libstdc++.a(eh_personality.o)
                0x00114c68                __gxx_personality_v0
 .text._ZN10__cxxabiv111__terminateEPFvvE
                0x00115344       0x14 C:/devkitPro/devkitARM/bin/../lib/gcc/arm-none-eabi/14.2.0/../../../../arm-none-eabi/lib/armv6k/fpu\libstdc++.a(eh_terminate.o)
                0x00115344                __cxxabiv1::__terminate(void (*)())
 .text.unlikely._ZSt9terminatev
                0x00115358       0x18 C:/devkitPro/devkitARM/bin/../lib/gcc/arm-none-eabi/14.2.0/../../../../arm-none-eabi/lib/armv6k/fpu\libstdc++.a(eh_terminate.o)
                0x00115358                std::terminate()
 .text._ZN10__cxxabiv112__unexpectedEPFvvE
                0x00115370        0xc C:/devkitPro/devkitARM/bin/../lib/gcc/arm-none-eabi/14.2.0/../../../../arm-none-eabi/lib/armv6k/fpu\libstdc++.a(eh_terminate.o)
                0x00115370                __cxxabiv1::__unexpected(void (*)())
 .text.unlikely._ZSt10unexpectedv
                0x0011537c       0x18 C:/devkitPro/devkitARM/bin/../lib/gcc/arm-none-eabi/14.2.0/../../../../arm-none-eabi/lib/armv6k/fpu\libstdc++.a(eh_terminate.o)
                0x0011537c                std::unexpected()
 .text._ZSt13get_terminatev
                0x00115394       0x14 C:/devkitPro/devkitARM/bin/../lib/gcc/arm-none-eabi/14.2.0/../../../../arm-none-eabi/lib/armv6k/fpu\libstdc++.a(eh_terminate.o)
                0x00115394                std::get_terminate()
 .text._ZSt14get_unexpectedv
                0x001153a8       0x14 C:/devkitPro/devkitARM/bin/../lib/gcc/arm-none-eabi/14.2.0/../../../../arm-none-eabi/lib/armv6k/fpu\libstdc++.a(eh_terminate.o)
                0x001153a8                std::get_unexpected()
 .text._ZL23__gxx_exception_cleanup19_Unwind_Reason_CodeP21_Unwind_Control_Block
                0x001153bc       0x60 C:/devkitPro/devkitARM/bin/../lib/gcc/arm-none-eabi/14.2.0/../../../../arm-none-eabi/lib/armv6k/fpu\libstdc++.a(eh_throw.o)
 .text.__cxa_init_primary_exception
                0x0011541c       0x54 C:/devkitPro/devkitARM/bin/../lib/gcc/arm-none-eabi/14.2.0/../../../../arm-none-eabi/lib/armv6k/fpu\libstdc++.a(eh_throw.o)
                0x0011541c                __cxa_init_primary_exception
 .text.__cxa_throw
                0x00115470       0x54 C:/devkitPro/devkitARM/bin/../lib/gcc/arm-none-eabi/14.2.0/../../../../arm-none-eabi/lib/armv6k/fpu\libstdc++.a(eh_throw.o)
                0x00115470                __cxa_throw
 .text.__cxa_rethrow
                0x001154c4       0xb0 C:/devkitPro/devkitARM/bin/../lib/gcc/arm-none-eabi/14.2.0/../../../../arm-none-eabi/lib/armv6k/fpu\libstdc++.a(eh_throw.o)
                0x001154c4                __cxa_rethrow
 .text._ZSt15get_new_handlerv
                0x00115574       0x14 C:/devkitPro/devkitARM/bin/../lib/gcc/arm-none-eabi/14.2.0/../../../../arm-none-eabi/lib/armv6k/fpu\libstdc++.a(new_handler.o)
                0x00115574                std::get_new_handler()
 .text._ZN10__cxxabiv120__si_class_type_infoD2Ev
                0x00115588       0x20 C:/devkitPro/devkitARM/bin/../lib/gcc/arm-none-eabi/14.2.0/../../../../arm-none-eabi/lib/armv6k/fpu\libstdc++.a(si_class_type_info.o)
                0x00115588                __cxxabiv1::__si_class_type_info::~__si_class_type_info()
                0x00115588                __cxxabiv1::__si_class_type_info::~__si_class_type_info()
 .text._ZN10__cxxabiv120__si_class_type_infoD0Ev
                0x001155a8       0x2c C:/devkitPro/devkitARM/bin/../lib/gcc/arm-none-eabi/14.2.0/../../../../arm-none-eabi/lib/armv6k/fpu\libstdc++.a(si_class_type_info.o)
                0x001155a8                __cxxabiv1::__si_class_type_info::~__si_class_type_info()
 .text._ZNK10__cxxabiv120__si_class_type_info12__do_dyncastEiNS_17__class_type_info10__sub_kindEPKS1_PKvS4_S6_RNS1_16__dyncast_resultE
                0x001155d4      0x138 C:/devkitPro/devkitARM/bin/../lib/gcc/arm-none-eabi/14.2.0/../../../../arm-none-eabi/lib/armv6k/fpu\libstdc++.a(si_class_type_info.o)
                0x001155d4                __cxxabiv1::__si_class_type_info::__do_dyncast(int, __cxxabiv1::__class_type_info::__sub_kind, __cxxabiv1::__class_type_info const*, void const*, __cxxabiv1::__class_type_info const*, void const*, __cxxabiv1::__class_type_info::__dyncast_result&) const
 .text._ZNK10__cxxabiv120__si_class_type_info20__do_find_public_srcEiPKvPKNS_17__class_type_infoES2_
                0x0011570c       0x88 C:/devkitPro/devkitARM/bin/../lib/gcc/arm-none-eabi/14.2.0/../../../../arm-none-eabi/lib/armv6k/fpu\libstdc++.a(si_class_type_info.o)
                0x0011570c                __cxxabiv1::__si_class_type_info::__do_find_public_src(int, void const*, __cxxabiv1::__class_type_info const*, void const*) const
 .text._ZNK10__cxxabiv120__si_class_type_info11__do_upcastEPKNS_17__class_type_infoEPKvRNS1_15__upcast_resultE
                0x00115794       0x44 C:/devkitPro/devkitARM/bin/../lib/gcc/arm-none-eabi/14.2.0/../../../../arm-none-eabi/lib/armv6k/fpu\libstdc++.a(si_class_type_info.o)
                0x00115794                __cxxabiv1::__si_class_type_info::__do_upcast(__cxxabiv1::__class_type_info const*, void const*, __cxxabiv1::__class_type_info::__upcast_result&) const
 .text._ZNSt9type_infoD2Ev
                0x001157d8        0x4 C:/devkitPro/devkitARM/bin/../lib/gcc/arm-none-eabi/14.2.0/../../../../arm-none-eabi/lib/armv6k/fpu\libstdc++.a(tinfo.o)
                0x001157d8                std::type_info::~type_info()
                0x001157d8                std::type_info::~type_info()
 .text._ZNKSt9type_info14__is_pointer_pEv
                0x001157dc        0x8 C:/devkitPro/devkitARM/bin/../lib/gcc/arm-none-eabi/14.2.0/../../../../arm-none-eabi/lib/armv6k/fpu\libstdc++.a(tinfo.o)
                0x001157dc                std::type_info::__is_pointer_p() const
                0x001157dc                std::type_info::__is_function_p() const
 .text._ZNK10__cxxabiv117__class_type_info11__do_upcastEPKS0_PPv
                0x001157e4       0x5c C:/devkitPro/devkitARM/bin/../lib/gcc/arm-none-eabi/14.2.0/../../../../arm-none-eabi/lib/armv6k/fpu\libstdc++.a(class_type_info.o)
                0x001157e4                __cxxabiv1::__class_type_info::__do_upcast(__cxxabiv1::__class_type_info const*, void**) const
 .text._ZNK10__cxxabiv117__class_type_info20__do_find_public_srcEiPKvPKS0_S2_
                0x00115840       0x14 C:/devkitPro/devkitARM/bin/../lib/gcc/arm-none-eabi/14.2.0/../../../../arm-none-eabi/lib/armv6k/fpu\libstdc++.a(class_type_info.o)
                0x00115840                __cxxabiv1::__class_type_info::__do_find_public_src(int, void const*, __cxxabiv1::__class_type_info const*, void const*) const
 .text._ZN10__cxxabiv117__class_type_infoD2Ev
                0x00115854       0x20 C:/devkitPro/devkitARM/bin/../lib/gcc/arm-none-eabi/14.2.0/../../../../arm-none-eabi/lib/armv6k/fpu\libstdc++.a(class_type_info.o)
                0x00115854                __cxxabiv1::__class_type_info::~__class_type_info()
                0x00115854                __cxxabiv1::__class_type_info::~__class_type_info()
 .text._ZN10__cxxabiv117__class_type_infoD0Ev
                0x00115874       0x2c C:/devkitPro/devkitARM/bin/../lib/gcc/arm-none-eabi/14.2.0/../../../../arm-none-eabi/lib/armv6k/fpu\libstdc++.a(class_type_info.o)
                0x00115874                __cxxabiv1::__class_type_info::~__class_type_info()
 .text._ZNK10__cxxabiv117__class_type_info11__do_upcastEPKS0_PKvRNS0_15__upcast_resultE
                0x001158a0       0x64 C:/devkitPro/devkitARM/bin/../lib/gcc/arm-none-eabi/14.2.0/../../../../arm-none-eabi/lib/armv6k/fpu\libstdc++.a(class_type_info.o)
                0x001158a0                __cxxabiv1::__class_type_info::__do_upcast(__cxxabiv1::__class_type_info const*, void const*, __cxxabiv1::__class_type_info::__upcast_result&) const
 .text._ZNK10__cxxabiv117__class_type_info10__do_catchEPKSt9type_infoPPvj
                0x00115904       0x7c C:/devkitPro/devkitARM/bin/../lib/gcc/arm-none-eabi/14.2.0/../../../../arm-none-eabi/lib/armv6k/fpu\libstdc++.a(class_type_info.o)
                0x00115904                __cxxabiv1::__class_type_info::__do_catch(std::type_info const*, void**, unsigned int) const
 .text._ZNK10__cxxabiv117__class_type_info12__do_dyncastEiNS0_10__sub_kindEPKS0_PKvS3_S5_RNS0_16__dyncast_resultE
                0x00115980       0xd4 C:/devkitPro/devkitARM/bin/../lib/gcc/arm-none-eabi/14.2.0/../../../../arm-none-eabi/lib/armv6k/fpu\libstdc++.a(class_type_info.o)
                0x00115980                __cxxabiv1::__class_type_info::__do_dyncast(int, __cxxabiv1::__class_type_info::__sub_kind, __cxxabiv1::__class_type_info const*, void const*, __cxxabiv1::__class_type_info const*, void const*, __cxxabiv1::__class_type_info::__dyncast_result&) const
 .text._ZdlPv   0x00115a54        0x4 C:/devkitPro/devkitARM/bin/../lib/gcc/arm-none-eabi/14.2.0/../../../../arm-none-eabi/lib/armv6k/fpu\libstdc++.a(del_op.o)
                0x00115a54                operator delete(void*)
 .text.__cxa_end_cleanup
                0x00115a58       0x10 C:/devkitPro/devkitARM/bin/../lib/gcc/arm-none-eabi/14.2.0/../../../../arm-none-eabi/lib/armv6k/fpu\libstdc++.a(eh_arm.o)
                0x00115a58                __cxa_end_cleanup
 .text.__cxa_type_match
                0x00115a68      0x134 C:/devkitPro/devkitARM/bin/../lib/gcc/arm-none-eabi/14.2.0/../../../../arm-none-eabi/lib/armv6k/fpu\libstdc++.a(eh_arm.o)
                0x00115a68                __cxa_type_match
 .text.__cxa_begin_cleanup
                0x00115b9c       0xb4 C:/devkitPro/devkitARM/bin/../lib/gcc/arm-none-eabi/14.2.0/../../../../arm-none-eabi/lib/armv6k/fpu\libstdc++.a(eh_arm.o)
                0x00115b9c                __cxa_begin_cleanup
 .text.__gnu_end_cleanup
                0x00115c50       0xb4 C:/devkitPro/devkitARM/bin/../lib/gcc/arm-none-eabi/14.2.0/../../../../arm-none-eabi/lib/armv6k/fpu\libstdc++.a(eh_arm.o)
                0x00115c50                __gnu_end_cleanup
 .text.unlikely._ZN10__cxxabiv1L24__is_gxx_exception_classEPc
                0x00115d04       0x70 C:/devkitPro/devkitARM/bin/../lib/gcc/arm-none-eabi/14.2.0/../../../../arm-none-eabi/lib/armv6k/fpu\libstdc++.a(eh_call.o)
 .text.unlikely.__cxa_call_terminate
                0x00115d74       0x2c C:/devkitPro/devkitARM/bin/../lib/gcc/arm-none-eabi/14.2.0/../../../../arm-none-eabi/lib/armv6k/fpu\libstdc++.a(eh_call.o)
                0x00115d74                __cxa_call_terminate
 .text.unlikely.__cxa_call_unexpected
                0x00115da0      0x148 C:/devkitPro/devkitARM/bin/../lib/gcc/arm-none-eabi/14.2.0/../../../../arm-none-eabi/lib/armv6k/fpu\libstdc++.a(eh_call.o)
                0x00115da0                __cxa_call_unexpected
 .text.__cxa_begin_catch
                0x00115ee8       0xcc C:/devkitPro/devkitARM/bin/../lib/gcc/arm-none-eabi/14.2.0/../../../../arm-none-eabi/lib/armv6k/fpu\libstdc++.a(eh_catch.o)
                0x00115ee8                __cxa_begin_catch
 .text.__cxa_end_catch
                0x00115fb4       0xe0 C:/devkitPro/devkitARM/bin/../lib/gcc/arm-none-eabi/14.2.0/../../../../arm-none-eabi/lib/armv6k/fpu\libstdc++.a(eh_catch.o)
                0x00115fb4                __cxa_end_catch
 .text._ZL15eh_globals_dtorPv
                0x00116094       0x3c C:/devkitPro/devkitARM/bin/../lib/gcc/arm-none-eabi/14.2.0/../../../../arm-none-eabi/lib/armv6k/fpu\libstdc++.a(eh_globals.o)
 .text.__cxa_get_globals_fast
                0x001160d0       0x38 C:/devkitPro/devkitARM/bin/../lib/gcc/arm-none-eabi/14.2.0/../../../../arm-none-eabi/lib/armv6k/fpu\libstdc++.a(eh_globals.o)
                0x001160d0                __cxa_get_globals_fast
 .text.__cxa_get_globals
                0x00116108       0x74 C:/devkitPro/devkitARM/bin/../lib/gcc/arm-none-eabi/14.2.0/../../../../arm-none-eabi/lib/armv6k/fpu\libstdc++.a(eh_globals.o)
                0x00116108                __cxa_get_globals
 .text.startup._GLOBAL__sub_I__ZN17__eh_globals_init7_S_initE
                0x0011617c       0x40 C:/devkitPro/devkitARM/bin/../lib/gcc/arm-none-eabi/14.2.0/../../../../arm-none-eabi/lib/armv6k/fpu\libstdc++.a(eh_globals.o)
 .text.exit._GLOBAL__sub_D__ZN17__eh_globals_init7_S_initE
                0x001161bc       0x34 C:/devkitPro/devkitARM/bin/../lib/gcc/arm-none-eabi/14.2.0/../../../../arm-none-eabi/lib/armv6k/fpu\libstdc++.a(eh_globals.o)
 .text.sinf     0x001161f0      0x25c C:/devkitPro/devkitARM/bin/../lib/gcc/arm-none-eabi/14.2.0/../../../../arm-none-eabi/lib/armv6k/fpu\libm.a(libm_a-sinf.o)
                0x001161f0                sinf
 .text.atan2    0x0011644c        0x4 C:/devkitPro/devkitARM/bin/../lib/gcc/arm-none-eabi/14.2.0/../../../../arm-none-eabi/lib/armv6k/fpu\libm.a(libm_a-w_atan2.o)
                0x0011644c                atan2
 .text.tanf     0x00116450       0x70 C:/devkitPro/devkitARM/bin/../lib/gcc/arm-none-eabi/14.2.0/../../../../arm-none-eabi/lib/armv6k/fpu\libm.a(libm_a-sf_tan.o)
                0x00116450                tanf
 .text.with_errnof
                0x001164c0       0x24 C:/devkitPro/devkitARM/bin/../lib/gcc/arm-none-eabi/14.2.0/../../../../arm-none-eabi/lib/armv6k/fpu\libm.a(libm_a-math_errf.o)
 .text.__math_invalidf
                0x001164e4       0x1c C:/devkitPro/devkitARM/bin/../lib/gcc/arm-none-eabi/14.2.0/../../../../arm-none-eabi/lib/armv6k/fpu\libm.a(libm_a-math_errf.o)
                0x001164e4                __math_invalidf
 .text.cosf     0x00116500      0x21c C:/devkitPro/devkitARM/bin/../lib/gcc/arm-none-eabi/14.2.0/../../../../arm-none-eabi/lib/armv6k/fpu\libm.a(libm_a-cosf.o)
                0x00116500                cosf
 *fill*         0x0011671c        0x4 
 .text.__ieee754_atan2
                0x00116720      0x204 C:/devkitPro/devkitARM/bin/../lib/gcc/arm-none-eabi/14.2.0/../../../../arm-none-eabi/lib/armv6k/fpu\libm.a(libm_a-e_atan2.o)
                0x00116720                __ieee754_atan2
 *fill*         0x00116924        0x4 
 .text.atan     0x00116928      0x284 C:/devkitPro/devkitARM/bin/../lib/gcc/arm-none-eabi/14.2.0/../../../../arm-none-eabi/lib/armv6k/fpu\libm.a(libm_a-s_atan.o)
                0x00116928                atan
 .text.fabs     0x00116bac       0x14 C:/devkitPro/devkitARM/bin/../lib/gcc/arm-none-eabi/14.2.0/../../../../arm-none-eabi/lib/armv6k/fpu\libm.a(libm_a-s_fabs.o)
                0x00116bac                fabs
 .text.__ieee754_rem_pio2f
                0x00116bc0      0x2d0 C:/devkitPro/devkitARM/bin/../lib/gcc/arm-none-eabi/14.2.0/../../../../arm-none-eabi/lib/armv6k/fpu\libm.a(libm_a-ef_rem_pio2.o)
                0x00116bc0                __ieee754_rem_pio2f
 .text.__kernel_tanf
                0x00116e90      0x208 C:/devkitPro/devkitARM/bin/../lib/gcc/arm-none-eabi/14.2.0/../../../../arm-none-eabi/lib/armv6k/fpu\libm.a(libm_a-kf_tan.o)
                0x00116e90                __kernel_tanf
 .text.fabsf    0x00117098       0x10 C:/devkitPro/devkitARM/bin/../lib/gcc/arm-none-eabi/14.2.0/../../../../arm-none-eabi/lib/armv6k/fpu\libm.a(libm_a-sf_fabs.o)
                0x00117098                fabsf
 .text.__kernel_rem_pio2f
                0x001170a8      0x88c C:/devkitPro/devkitARM/bin/../lib/gcc/arm-none-eabi/14.2.0/../../../../arm-none-eabi/lib/armv6k/fpu\libm.a(libm_a-kf_rem_pio2.o)
                0x001170a8                __kernel_rem_pio2f
 .text.scalbnf  0x00117934      0x12c C:/devkitPro/devkitARM/bin/../lib/gcc/arm-none-eabi/14.2.0/../../../../arm-none-eabi/lib/armv6k/fpu\libm.a(libm_a-sf_scalbn.o)
                0x00117934                scalbnf
 .text.floorf   0x00117a60       0xc0 C:/devkitPro/devkitARM/bin/../lib/gcc/arm-none-eabi/14.2.0/../../../../arm-none-eabi/lib/armv6k/fpu\libm.a(libm_a-sf_floor.o)
                0x00117a60                floorf
 .text.__udivmoddi4
                0x00117b20      0x120 C:/devkitPro/devkitARM/bin/../lib/gcc/arm-none-eabi/14.2.0/armv6k/fpu\libgcc.a(_udivmoddi4.o)
                0x00117b20                __udivmoddi4
 .text.selfrel_offset31
                0x00117c40       0x18 C:/devkitPro/devkitARM/bin/../lib/gcc/arm-none-eabi/14.2.0/armv6k/fpu\libgcc.a(unwind-arm.o)
 .text.search_EIT_table
                0x00117c58       0x90 C:/devkitPro/devkitARM/bin/../lib/gcc/arm-none-eabi/14.2.0/armv6k/fpu\libgcc.a(unwind-arm.o)
 .text.__gnu_unwind_get_pr_addr
                0x00117ce8       0x40 C:/devkitPro/devkitARM/bin/../lib/gcc/arm-none-eabi/14.2.0/armv6k/fpu\libgcc.a(unwind-arm.o)
 .text.get_eit_entry
                0x00117d28      0x10c C:/devkitPro/devkitARM/bin/../lib/gcc/arm-none-eabi/14.2.0/armv6k/fpu\libgcc.a(unwind-arm.o)
 .text.restore_non_core_regs
                0x00117e34       0x88 C:/devkitPro/devkitARM/bin/../lib/gcc/arm-none-eabi/14.2.0/armv6k/fpu\libgcc.a(unwind-arm.o)
 .text._Unwind_decode_typeinfo_ptr.constprop.0
                0x00117ebc       0x14 C:/devkitPro/devkitARM/bin/../lib/gcc/arm-none-eabi/14.2.0/armv6k/fpu\libgcc.a(unwind-arm.o)
 .text._Unwind_DebugHook
                0x00117ed0        0x4 C:/devkitPro/devkitARM/bin/../lib/gcc/arm-none-eabi/14.2.0/armv6k/fpu\libgcc.a(unwind-arm.o)
 .text.unwind_phase2
                0x00117ed4       0x64 C:/devkitPro/devkitARM/bin/../lib/gcc/arm-none-eabi/14.2.0/armv6k/fpu\libgcc.a(unwind-arm.o)
 .text.unwind_phase2_forced
                0x00117f38      0x140 C:/devkitPro/devkitARM/bin/../lib/gcc/arm-none-eabi/14.2.0/armv6k/fpu\libgcc.a(unwind-arm.o)
 .text.__gnu_Unwind_RaiseException
                0x00118078       0xa4 C:/devkitPro/devkitARM/bin/../lib/gcc/arm-none-eabi/14.2.0/armv6k/fpu\libgcc.a(unwind-arm.o)
                0x00118078                __gnu_Unwind_RaiseException
 .text.__gnu_Unwind_ForcedUnwind
                0x0011811c       0x28 C:/devkitPro/devkitARM/bin/../lib/gcc/arm-none-eabi/14.2.0/armv6k/fpu\libgcc.a(unwind-arm.o)
                0x0011811c                __gnu_Unwind_ForcedUnwind
 .text.__gnu_Unwind_Resume
                0x00118144       0x74 C:/devkitPro/devkitARM/bin/../lib/gcc/arm-none-eabi/14.2.0/armv6k/fpu\libgcc.a(unwind-arm.o)
                0x00118144                __gnu_Unwind_Resume
 .text.__gnu_Unwind_Resume_or_Rethrow
                0x001181b8       0x2c C:/devkitPro/devkitARM/bin/../lib/gcc/arm-none-eabi/14.2.0/armv6k/fpu\libgcc.a(unwind-arm.o)
                0x001181b8                __gnu_Unwind_Resume_or_Rethrow
 .text._Unwind_Complete
                0x001181e4        0x4 C:/devkitPro/devkitARM/bin/../lib/gcc/arm-none-eabi/14.2.0/armv6k/fpu\libgcc.a(unwind-arm.o)
                0x001181e4                _Unwind_Complete
 .text._Unwind_DeleteException
                0x001181e8       0x18 C:/devkitPro/devkitARM/bin/../lib/gcc/arm-none-eabi/14.2.0/armv6k/fpu\libgcc.a(unwind-arm.o)
                0x001181e8                _Unwind_DeleteException
 .text._Unwind_VRS_Get
                0x00118200       0x64 C:/devkitPro/devkitARM/bin/../lib/gcc/arm-none-eabi/14.2.0/armv6k/fpu\libgcc.a(unwind-arm.o)
                0x00118200                _Unwind_VRS_Get
 .text._Unwind_GetGR
                0x00118264       0x2c C:/devkitPro/devkitARM/bin/../lib/gcc/arm-none-eabi/14.2.0/armv6k/fpu\libgcc.a(unwind-arm.o)
 .text._Unwind_VRS_Set
                0x00118290       0x64 C:/devkitPro/devkitARM/bin/../lib/gcc/arm-none-eabi/14.2.0/armv6k/fpu\libgcc.a(unwind-arm.o)
                0x00118290                _Unwind_VRS_Set
 .text._Unwind_SetGR
                0x001182f4       0x2c C:/devkitPro/devkitARM/bin/../lib/gcc/arm-none-eabi/14.2.0/armv6k/fpu\libgcc.a(unwind-arm.o)
 .text.__gnu_Unwind_Backtrace
                0x00118320       0xc0 C:/devkitPro/devkitARM/bin/../lib/gcc/arm-none-eabi/14.2.0/armv6k/fpu\libgcc.a(unwind-arm.o)
                0x00118320                __gnu_Unwind_Backtrace
 .text.__gnu_unwind_pr_common
                0x001183e0      0x410 C:/devkitPro/devkitARM/bin/../lib/gcc/arm-none-eabi/14.2.0/armv6k/fpu\libgcc.a(unwind-arm.o)
 .text.__aeabi_unwind_cpp_pr0
                0x001187f0        0x8 C:/devkitPro/devkitARM/bin/../lib/gcc/arm-none-eabi/14.2.0/armv6k/fpu\libgcc.a(unwind-arm.o)
                0x001187f0                __aeabi_unwind_cpp_pr0
 .text.__aeabi_unwind_cpp_pr1
                0x001187f8        0x8 C:/devkitPro/devkitARM/bin/../lib/gcc/arm-none-eabi/14.2.0/armv6k/fpu\libgcc.a(unwind-arm.o)
                0x001187f8                __aeabi_unwind_cpp_pr1
 .text.__aeabi_unwind_cpp_pr2
                0x00118800        0x8 C:/devkitPro/devkitARM/bin/../lib/gcc/arm-none-eabi/14.2.0/armv6k/fpu\libgcc.a(unwind-arm.o)
                0x00118800                __aeabi_unwind_cpp_pr2
 .text._Unwind_VRS_Pop
                0x00118808      0x458 C:/devkitPro/devkitARM/bin/../lib/gcc/arm-none-eabi/14.2.0/armv6k/fpu\libgcc.a(unwind-arm.o)
                0x00118808                _Unwind_VRS_Pop
 .text.next_unwind_byte
                0x00118c60       0x64 C:/devkitPro/devkitARM/bin/../lib/gcc/arm-none-eabi/14.2.0/armv6k/fpu\libgcc.a(pr-support.o)
 .text._Unwind_GetGR.constprop.0
                0x00118cc4       0x2c C:/devkitPro/devkitARM/bin/../lib/gcc/arm-none-eabi/14.2.0/armv6k/fpu\libgcc.a(pr-support.o)
 .text.unwind_UCB_from_context
                0x00118cf0        0x4 C:/devkitPro/devkitARM/bin/../lib/gcc/arm-none-eabi/14.2.0/armv6k/fpu\libgcc.a(pr-support.o)
 .text.__gnu_unwind_execute
                0x00118cf4      0x460 C:/devkitPro/devkitARM/bin/../lib/gcc/arm-none-eabi/14.2.0/armv6k/fpu\libgcc.a(pr-support.o)
                0x00118cf4                __gnu_unwind_execute
 .text.__gnu_unwind_frame